Archive member included to satisfy reference by file (symbol)

c:/program files (x86)/atollic/truestudio for stm32 9.3.0/armtools/bin/../lib/gcc/arm-atollic-eabi/6.3.1/../../../../arm-atollic-eabi/lib/armv7-m\libc.a(lib_a-errno.o)
                              Src\syscalls.o (__errno)
c:/program files (x86)/atollic/truestudio for stm32 9.3.0/armtools/bin/../lib/gcc/arm-atollic-eabi/6.3.1/../../../../arm-atollic-eabi/lib/armv7-m\libc.a(lib_a-impure.o)
                              c:/program files (x86)/atollic/truestudio for stm32 9.3.0/armtools/bin/../lib/gcc/arm-atollic-eabi/6.3.1/../../../../arm-atollic-eabi/lib/armv7-m\libc.a(lib_a-errno.o) (_impure_ptr)
c:/program files (x86)/atollic/truestudio for stm32 9.3.0/armtools/bin/../lib/gcc/arm-atollic-eabi/6.3.1/../../../../arm-atollic-eabi/lib/armv7-m\libc.a(lib_a-init.o)
                              startup\startup_stm32f103xb.o (__libc_init_array)
c:/program files (x86)/atollic/truestudio for stm32 9.3.0/armtools/bin/../lib/gcc/arm-atollic-eabi/6.3.1/../../../../arm-atollic-eabi/lib/armv7-m\libc.a(lib_a-itoa.o)
                              Src\ssd1306.o (itoa)
c:/program files (x86)/atollic/truestudio for stm32 9.3.0/armtools/bin/../lib/gcc/arm-atollic-eabi/6.3.1/../../../../arm-atollic-eabi/lib/armv7-m\libc.a(lib_a-memcpy-stub.o)
                              Src\ssd1306.o (memcpy)
c:/program files (x86)/atollic/truestudio for stm32 9.3.0/armtools/bin/../lib/gcc/arm-atollic-eabi/6.3.1/../../../../arm-atollic-eabi/lib/armv7-m\libc.a(lib_a-memset.o)
                              Src\main.o (memset)
c:/program files (x86)/atollic/truestudio for stm32 9.3.0/armtools/bin/../lib/gcc/arm-atollic-eabi/6.3.1/../../../../arm-atollic-eabi/lib/armv7-m\libc.a(lib_a-utoa.o)
                              c:/program files (x86)/atollic/truestudio for stm32 9.3.0/armtools/bin/../lib/gcc/arm-atollic-eabi/6.3.1/../../../../arm-atollic-eabi/lib/armv7-m\libc.a(lib_a-itoa.o) (__utoa)
c:/program files (x86)/atollic/truestudio for stm32 9.3.0/armtools/bin/../lib/gcc/arm-atollic-eabi/6.3.1/../../../../arm-atollic-eabi/lib/armv7-m\libm.a(lib_a-s_cos.o)
                              Src\ssd1306.o (cos)
c:/program files (x86)/atollic/truestudio for stm32 9.3.0/armtools/bin/../lib/gcc/arm-atollic-eabi/6.3.1/../../../../arm-atollic-eabi/lib/armv7-m\libm.a(lib_a-s_sin.o)
                              Src\ssd1306.o (sin)
c:/program files (x86)/atollic/truestudio for stm32 9.3.0/armtools/bin/../lib/gcc/arm-atollic-eabi/6.3.1/../../../../arm-atollic-eabi/lib/armv7-m\libm.a(lib_a-w_sqrt.o)
                              Src\algorithm.o (sqrt)
c:/program files (x86)/atollic/truestudio for stm32 9.3.0/armtools/bin/../lib/gcc/arm-atollic-eabi/6.3.1/../../../../arm-atollic-eabi/lib/armv7-m\libm.a(lib_a-e_rem_pio2.o)
                              c:/program files (x86)/atollic/truestudio for stm32 9.3.0/armtools/bin/../lib/gcc/arm-atollic-eabi/6.3.1/../../../../arm-atollic-eabi/lib/armv7-m\libm.a(lib_a-s_cos.o) (__ieee754_rem_pio2)
c:/program files (x86)/atollic/truestudio for stm32 9.3.0/armtools/bin/../lib/gcc/arm-atollic-eabi/6.3.1/../../../../arm-atollic-eabi/lib/armv7-m\libm.a(lib_a-e_sqrt.o)
                              c:/program files (x86)/atollic/truestudio for stm32 9.3.0/armtools/bin/../lib/gcc/arm-atollic-eabi/6.3.1/../../../../arm-atollic-eabi/lib/armv7-m\libm.a(lib_a-w_sqrt.o) (__ieee754_sqrt)
c:/program files (x86)/atollic/truestudio for stm32 9.3.0/armtools/bin/../lib/gcc/arm-atollic-eabi/6.3.1/../../../../arm-atollic-eabi/lib/armv7-m\libm.a(lib_a-k_cos.o)
                              c:/program files (x86)/atollic/truestudio for stm32 9.3.0/armtools/bin/../lib/gcc/arm-atollic-eabi/6.3.1/../../../../arm-atollic-eabi/lib/armv7-m\libm.a(lib_a-s_cos.o) (__kernel_cos)
c:/program files (x86)/atollic/truestudio for stm32 9.3.0/armtools/bin/../lib/gcc/arm-atollic-eabi/6.3.1/../../../../arm-atollic-eabi/lib/armv7-m\libm.a(lib_a-k_rem_pio2.o)
                              c:/program files (x86)/atollic/truestudio for stm32 9.3.0/armtools/bin/../lib/gcc/arm-atollic-eabi/6.3.1/../../../../arm-atollic-eabi/lib/armv7-m\libm.a(lib_a-e_rem_pio2.o) (__kernel_rem_pio2)
c:/program files (x86)/atollic/truestudio for stm32 9.3.0/armtools/bin/../lib/gcc/arm-atollic-eabi/6.3.1/../../../../arm-atollic-eabi/lib/armv7-m\libm.a(lib_a-k_sin.o)
                              c:/program files (x86)/atollic/truestudio for stm32 9.3.0/armtools/bin/../lib/gcc/arm-atollic-eabi/6.3.1/../../../../arm-atollic-eabi/lib/armv7-m\libm.a(lib_a-s_cos.o) (__kernel_sin)
c:/program files (x86)/atollic/truestudio for stm32 9.3.0/armtools/bin/../lib/gcc/arm-atollic-eabi/6.3.1/../../../../arm-atollic-eabi/lib/armv7-m\libm.a(lib_a-s_fabs.o)
                              c:/program files (x86)/atollic/truestudio for stm32 9.3.0/armtools/bin/../lib/gcc/arm-atollic-eabi/6.3.1/../../../../arm-atollic-eabi/lib/armv7-m\libm.a(lib_a-e_rem_pio2.o) (fabs)
[...]
Memory Configuration

Name             Origin             Length             Attributes
RAM              0x20000000         0x00005000         xrw
FLASH            0x08000000         0x00010000         xr
*default*        0x00000000         0xffffffff

Linker script and memory map

LOAD c:/program files (x86)/atollic/truestudio for stm32 9.3.0/armtools/bin/../lib/gcc/arm-atollic-eabi/6.3.1/armv7-m/crti.o
LOAD c:/program files (x86)/atollic/truestudio for stm32 9.3.0/armtools/bin/../lib/gcc/arm-atollic-eabi/6.3.1/armv7-m/crtbegin.o
LOAD Drivers\STM32F1xx_HAL_Driver\Src\stm32f1xx_hal.o
LOAD Drivers\STM32F1xx_HAL_Driver\Src\stm32f1xx_hal_cortex.o
LOAD Drivers\STM32F1xx_HAL_Driver\Src\stm32f1xx_hal_dma.o
LOAD Drivers\STM32F1xx_HAL_Driver\Src\stm32f1xx_hal_exti.o
LOAD Drivers\STM32F1xx_HAL_Driver\Src\stm32f1xx_hal_flash.o
LOAD Drivers\STM32F1xx_HAL_Driver\Src\stm32f1xx_hal_flash_ex.o
LOAD Drivers\STM32F1xx_HAL_Driver\Src\stm32f1xx_hal_gpio.o
LOAD Drivers\STM32F1xx_HAL_Driver\Src\stm32f1xx_hal_gpio_ex.o
LOAD Drivers\STM32F1xx_HAL_Driver\Src\stm32f1xx_hal_i2c.o
LOAD Drivers\STM32F1xx_HAL_Driver\Src\stm32f1xx_hal_pwr.o
LOAD Drivers\STM32F1xx_HAL_Driver\Src\stm32f1xx_hal_rcc.o
LOAD Drivers\STM32F1xx_HAL_Driver\Src\stm32f1xx_hal_rcc_ex.o
LOAD Drivers\STM32F1xx_HAL_Driver\Src\stm32f1xx_hal_rtc.o
LOAD Drivers\STM32F1xx_HAL_Driver\Src\stm32f1xx_hal_rtc_ex.o
LOAD Drivers\STM32F1xx_HAL_Driver\Src\stm32f1xx_hal_tim.o
LOAD Drivers\STM32F1xx_HAL_Driver\Src\stm32f1xx_hal_tim_ex.o
LOAD Src\MAX30102.o
LOAD Src\algorithm.o
LOAD Src\main.o
LOAD Src\mode.o
LOAD Src\ssd1306.o
LOAD Src\ssd1306_fonts.o
LOAD Src\stm32f1xx_hal_msp.o
LOAD Src\stm32f1xx_it.o
LOAD Src\syscalls.o
LOAD Src\system_stm32f1xx.o
LOAD startup\startup_stm32f103xb.o
                0x00000080                malloc_getpagesize_P = 0x80
START GROUP
LOAD c:/program files (x86)/atollic/truestudio for stm32 9.3.0/armtools/bin/../lib/gcc/arm-atollic-eabi/6.3.1/../../../../arm-atollic-eabi/lib/armv7-m\libc.a
LOAD c:/program files (x86)/atollic/truestudio for stm32 9.3.0/armtools/bin/../lib/gcc/arm-atollic-eabi/6.3.1/../../../../arm-atollic-eabi/lib/armv7-m\libm.a
END GROUP
START GROUP
LOAD c:/program files (x86)/atollic/truestudio for stm32 9.3.0/armtools/bin/../lib/gcc/arm-atollic-eabi/6.3.1/armv7-m\libgcc.a
LOAD c:/program files (x86)/atollic/truestudio for stm32 9.3.0/armtools/bin/../lib/gcc/arm-atollic-eabi/6.3.1/../../../../arm-atollic-eabi/lib/armv7-m\libc.a
END GROUP
START GROUP
LOAD c:/program files (x86)/atollic/truestudio for stm32 9.3.0/armtools/bin/../lib/gcc/arm-atollic-eabi/6.3.1/armv7-m\libgcc.a
LOAD c:/program files (x86)/atollic/truestudio for stm32 9.3.0/armtools/bin/../lib/gcc/arm-atollic-eabi/6.3.1/../../../../arm-atollic-eabi/lib/armv7-m\libc.a
LOAD c:/program files (x86)/atollic/truestudio for stm32 9.3.0/armtools/bin/../lib/gcc/arm-atollic-eabi/6.3.1/../../../../arm-atollic-eabi/lib/armv7-m\libnosys.a
END GROUP
LOAD c:/program files (x86)/atollic/truestudio for stm32 9.3.0/armtools/bin/../lib/gcc/arm-atollic-eabi/6.3.1/armv7-m/crtend.o
LOAD c:/program files (x86)/atollic/truestudio for stm32 9.3.0/armtools/bin/../lib/gcc/arm-atollic-eabi/6.3.1/armv7-m/crtn.o
                0x20005000                _estack = 0x20005000
                0x00000200                _Min_Heap_Size = 0x200
                0x00000400                _Min_Stack_Size = 0x400

.isr_vector     0x08000000      0x10c
                0x08000000                . = ALIGN (0x4)
 *(.isr_vector)
 .isr_vector    0x08000000      0x10c startup\startup_stm32f103xb.o
                0x08000000                g_pfnVectors
                0x0800010c                . = ALIGN (0x4)

.text           0x08000110     0x8230
                0x08000110                . = ALIGN (0x4)
 *(.text)
 .text          0x08000110       0x40 c:/program files (x86)/atollic/truestudio for stm32 9.3.0/armtools/bin/../lib/gcc/arm-atollic-eabi/6.3.1/armv7-m/crtbegin.o
 .text          0x08000150      0x370 c:/program files (x86)/atollic/truestudio for stm32 9.3.0/armtools/bin/../lib/gcc/arm-atollic-eabi/6.3.1/armv7-m\libgcc.a(_arm_addsubdf3.o)
                0x08000150                __aeabi_drsub
                0x08000158                __aeabi_dsub
                0x08000158                __subdf3
                0x0800015c                __aeabi_dadd
                0x0800015c                __adddf3
                0x080003d4                __floatunsidf
                0x080003d4                __aeabi_ui2d
                0x080003f4                __floatsidf
                0x080003f4                __aeabi_i2d
                0x08000418                __aeabi_f2d
                0x08000418                __extendsfdf2
                0x08000454                __floatundidf
                0x08000454                __aeabi_ul2d
                0x08000464                __floatdidf
                0x08000464                __aeabi_l2d
 .text          0x080004c0      0x424 c:/program files (x86)/atollic/truestudio for stm32 9.3.0/armtools/bin/../lib/gcc/arm-atollic-eabi/6.3.1/armv7-m\libgcc.a(_arm_muldivdf3.o)
                0x080004c0                __aeabi_dmul
                0x080004c0                __muldf3
                0x08000714                __divdf3
                0x08000714                __aeabi_ddiv
 .text          0x080008e4      0x110 c:/program files (x86)/atollic/truestudio for stm32 9.3.0/armtools/bin/../lib/gcc/arm-atollic-eabi/6.3.1/armv7-m\libgcc.a(_arm_cmpdf2.o)
                0x080008e4                __gtdf2
                0x080008e4                __gedf2
                0x080008ec                __ltdf2
                0x080008ec                __ledf2
                0x080008f4                __nedf2
                0x080008f4                __eqdf2
                0x080008f4                __cmpdf2
                0x08000970                __aeabi_cdrcmple
                0x08000980                __aeabi_cdcmpeq
                0x08000980                __aeabi_cdcmple
                0x08000990                __aeabi_dcmpeq
                0x080009a4                __aeabi_dcmplt
                0x080009b8                __aeabi_dcmple
                0x080009cc                __aeabi_dcmpge
                0x080009e0                __aeabi_dcmpgt
 .text          0x080009f4       0x2c c:/program files (x86)/atollic/truestudio for stm32 9.3.0/armtools/bin/../lib/gcc/arm-atollic-eabi/6.3.1/armv7-m\libgcc.a(_arm_unorddf2.o)
                0x080009f4                __unorddf2
                0x080009f4                __aeabi_dcmpun
 .text          0x08000a20       0xa0 c:/program files (x86)/atollic/truestudio for stm32 9.3.0/armtools/bin/../lib/gcc/arm-atollic-eabi/6.3.1/armv7-m\libgcc.a(_arm_truncdfsf2.o)
                0x08000a20                __truncdfsf2
                0x08000a20                __aeabi_d2f
 .text          0x08000ac0      0x21c c:/program files (x86)/atollic/truestudio for stm32 9.3.0/armtools/bin/../lib/gcc/arm-atollic-eabi/6.3.1/armv7-m\libgcc.a(_arm_addsubsf3.o)
                0x08000ac0                __aeabi_frsub
                0x08000ac8                __subsf3
                0x08000ac8                __aeabi_fsub
                0x08000acc                __aeabi_fadd
                0x08000acc                __addsf3
                0x08000c2c                __aeabi_ui2f
                0x08000c2c                __floatunsisf
                0x08000c34                __aeabi_i2f
                0x08000c34                __floatsisf
                0x08000c50                __aeabi_ul2f
                0x08000c50                __floatundisf
                0x08000c60                __aeabi_l2f
                0x08000c60                __floatdisf
 .text          0x08000cdc      0x2a0 c:/program files (x86)/atollic/truestudio for stm32 9.3.0/armtools/bin/../lib/gcc/arm-atollic-eabi/6.3.1/armv7-m\libgcc.a(_arm_muldivsf3.o)
                0x08000cdc                __mulsf3
                0x08000cdc                __aeabi_fmul
                0x08000e44                __aeabi_fdiv
                0x08000e44                __divsf3
 .text          0x08000f7c       0xec c:/program files (x86)/atollic/truestudio for stm32 9.3.0/armtools/bin/../lib/gcc/arm-atollic-eabi/6.3.1/armv7-m\libgcc.a(_arm_cmpsf2.o)
                0x08000f7c                __gesf2
                0x08000f7c                __gtsf2
                0x08000f84                __lesf2
                0x08000f84                __ltsf2
                0x08000f8c                __nesf2
                0x08000f8c                __eqsf2
                0x08000f8c                __cmpsf2
                0x08000fec                __aeabi_cfrcmple
                0x08000ff4                __aeabi_cfcmpeq
                0x08000ff4                __aeabi_cfcmple
                0x08001004                __aeabi_fcmpeq
                0x08001018                __aeabi_fcmplt
                0x0800102c                __aeabi_fcmple
                0x08001040                __aeabi_fcmpge
                0x08001054                __aeabi_fcmpgt
 .text          0x08001068       0x40 c:/program files (x86)/atollic/truestudio for stm32 9.3.0/armtools/bin/../lib/gcc/arm-atollic-eabi/6.3.1/armv7-m\libgcc.a(_arm_fixunssfsi.o)
                0x08001068                __fixunssfsi
                0x08001068                __aeabi_f2uiz
 *(.text*)
 .text.HAL_Init
                0x080010a8       0x2c Drivers\STM32F1xx_HAL_Driver\Src\stm32f1xx_hal.o
                0x080010a8                HAL_Init
 .text.HAL_InitTick
                0x080010d4       0x60 Drivers\STM32F1xx_HAL_Driver\Src\stm32f1xx_hal.o
                0x080010d4                HAL_InitTick
 .text.HAL_IncTick
                0x08001134       0x24 Drivers\STM32F1xx_HAL_Driver\Src\stm32f1xx_hal.o
                0x08001134                HAL_IncTick
 .text.HAL_GetTick
                0x08001158       0x14 Drivers\STM32F1xx_HAL_Driver\Src\stm32f1xx_hal.o
                0x08001158                HAL_GetTick
 .text.HAL_Delay
                0x0800116c       0x44 Drivers\STM32F1xx_HAL_Driver\Src\stm32f1xx_hal.o
                0x0800116c                HAL_Delay
 .text.__NVIC_SetPriorityGrouping
                0x080011b0       0x48 Drivers\STM32F1xx_HAL_Driver\Src\stm32f1xx_hal_cortex.o
 .text.__NVIC_GetPriorityGrouping
                0x080011f8       0x1c Drivers\STM32F1xx_HAL_Driver\Src\stm32f1xx_hal_cortex.o
 .text.__NVIC_EnableIRQ
                0x08001214       0x38 Drivers\STM32F1xx_HAL_Driver\Src\stm32f1xx_hal_cortex.o
 .text.__NVIC_SetPriority
                0x0800124c       0x54 Drivers\STM32F1xx_HAL_Driver\Src\stm32f1xx_hal_cortex.o
 .text.NVIC_EncodePriority
                0x080012a0       0x60 Drivers\STM32F1xx_HAL_Driver\Src\stm32f1xx_hal_cortex.o
 .text.SysTick_Config
                0x08001300       0x44 Drivers\STM32F1xx_HAL_Driver\Src\stm32f1xx_hal_cortex.o
 .text.HAL_NVIC_SetPriorityGrouping
                0x08001344       0x16 Drivers\STM32F1xx_HAL_Driver\Src\stm32f1xx_hal_cortex.o
                0x08001344                HAL_NVIC_SetPriorityGrouping
 .text.HAL_NVIC_SetPriority
                0x0800135a       0x38 Drivers\STM32F1xx_HAL_Driver\Src\stm32f1xx_hal_cortex.o
                0x0800135a                HAL_NVIC_SetPriority
 .text.HAL_NVIC_EnableIRQ
                0x08001392       0x1c Drivers\STM32F1xx_HAL_Driver\Src\stm32f1xx_hal_cortex.o
                0x08001392                HAL_NVIC_EnableIRQ
 .text.HAL_SYSTICK_Config
                0x080013ae       0x18 Drivers\STM32F1xx_HAL_Driver\Src\stm32f1xx_hal_cortex.o
                0x080013ae                HAL_SYSTICK_Config
 *fill*         0x080013c6        0x2 
 .text.HAL_DMA_Abort_IT
                0x080013c8       0xf8 Drivers\STM32F1xx_HAL_Driver\Src\stm32f1xx_hal_dma.o
                0x080013c8                HAL_DMA_Abort_IT
 .text.HAL_DMA_GetState
                0x080014c0       0x18 Drivers\STM32F1xx_HAL_Driver\Src\stm32f1xx_hal_dma.o
                0x080014c0                HAL_DMA_GetState
 .text.HAL_GPIO_Init
                0x080014d8      0x2b4 Drivers\STM32F1xx_HAL_Driver\Src\stm32f1xx_hal_gpio.o
                0x080014d8                HAL_GPIO_Init
 .text.HAL_GPIO_ReadPin
                0x0800178c       0x2e Drivers\STM32F1xx_HAL_Driver\Src\stm32f1xx_hal_gpio.o
                0x0800178c                HAL_GPIO_ReadPin
 *fill*         0x080017ba        0x2 
 .text.HAL_GPIO_EXTI_IRQHandler
                0x080017bc       0x30 Drivers\STM32F1xx_HAL_Driver\Src\stm32f1xx_hal_gpio.o
                0x080017bc                HAL_GPIO_EXTI_IRQHandler
 .text.HAL_I2C_Init
                0x080017ec      0x270 Drivers\STM32F1xx_HAL_Driver\Src\stm32f1xx_hal_i2c.o
                0x080017ec                HAL_I2C_Init
 .text.HAL_I2C_Mem_Write
                0x08001a5c      0x1f4 Drivers\STM32F1xx_HAL_Driver\Src\stm32f1xx_hal_i2c.o
                0x08001a5c                HAL_I2C_Mem_Write
 .text.HAL_I2C_Mem_Read
                0x08001c50      0x4c4 Drivers\STM32F1xx_HAL_Driver\Src\stm32f1xx_hal_i2c.o
                0x08001c50                HAL_I2C_Mem_Read
 .text.HAL_I2C_EV_IRQHandler
                0x08002114      0x29e Drivers\STM32F1xx_HAL_Driver\Src\stm32f1xx_hal_i2c.o
                0x08002114                HAL_I2C_EV_IRQHandler
 .text.HAL_I2C_MasterTxCpltCallback
                0x080023b2       0x12 Drivers\STM32F1xx_HAL_Driver\Src\stm32f1xx_hal_i2c.o
                0x080023b2                HAL_I2C_MasterTxCpltCallback
 .text.HAL_I2C_MasterRxCpltCallback
                0x080023c4       0x12 Drivers\STM32F1xx_HAL_Driver\Src\stm32f1xx_hal_i2c.o
                0x080023c4                HAL_I2C_MasterRxCpltCallback
 .text.HAL_I2C_SlaveTxCpltCallback
                0x080023d6       0x12 Drivers\STM32F1xx_HAL_Driver\Src\stm32f1xx_hal_i2c.o
                0x080023d6                HAL_I2C_SlaveTxCpltCallback
 .text.HAL_I2C_SlaveRxCpltCallback
                0x080023e8       0x12 Drivers\STM32F1xx_HAL_Driver\Src\stm32f1xx_hal_i2c.o
                0x080023e8                HAL_I2C_SlaveRxCpltCallback
 .text.HAL_I2C_AddrCallback
                0x080023fa       0x1a Drivers\STM32F1xx_HAL_Driver\Src\stm32f1xx_hal_i2c.o
                0x080023fa                HAL_I2C_AddrCallback
 .text.HAL_I2C_ListenCpltCallback
                0x08002414       0x12 Drivers\STM32F1xx_HAL_Driver\Src\stm32f1xx_hal_i2c.o
                0x08002414                HAL_I2C_ListenCpltCallback
 .text.HAL_I2C_MemTxCpltCallback
                0x08002426       0x12 Drivers\STM32F1xx_HAL_Driver\Src\stm32f1xx_hal_i2c.o
                0x08002426                HAL_I2C_MemTxCpltCallback
 .text.HAL_I2C_MemRxCpltCallback
                0x08002438       0x12 Drivers\STM32F1xx_HAL_Driver\Src\stm32f1xx_hal_i2c.o
                0x08002438                HAL_I2C_MemRxCpltCallback
 .text.HAL_I2C_ErrorCallback
                0x0800244a       0x12 Drivers\STM32F1xx_HAL_Driver\Src\stm32f1xx_hal_i2c.o
                0x0800244a                HAL_I2C_ErrorCallback
 .text.HAL_I2C_AbortCpltCallback
                0x0800245c       0x12 Drivers\STM32F1xx_HAL_Driver\Src\stm32f1xx_hal_i2c.o
                0x0800245c                HAL_I2C_AbortCpltCallback
 .text.I2C_MasterTransmit_TXE
                0x0800246e      0x138 Drivers\STM32F1xx_HAL_Driver\Src\stm32f1xx_hal_i2c.o
 .text.I2C_MasterTransmit_BTF
                0x080025a6       0xd0 Drivers\STM32F1xx_HAL_Driver\Src\stm32f1xx_hal_i2c.o
 .text.I2C_MemoryTransmit_TXE_BTF
                0x08002676      0x11e Drivers\STM32F1xx_HAL_Driver\Src\stm32f1xx_hal_i2c.o
 .text.I2C_MasterReceive_RXNE
                0x08002794      0x162 Drivers\STM32F1xx_HAL_Driver\Src\stm32f1xx_hal_i2c.o
 .text.I2C_MasterReceive_BTF
                0x080028f6      0x1d4 Drivers\STM32F1xx_HAL_Driver\Src\stm32f1xx_hal_i2c.o
 .text.I2C_Master_SB
                0x08002aca      0x106 Drivers\STM32F1xx_HAL_Driver\Src\stm32f1xx_hal_i2c.o
 .text.I2C_Master_ADD10
                0x08002bd0       0x52 Drivers\STM32F1xx_HAL_Driver\Src\stm32f1xx_hal_i2c.o
 .text.I2C_Master_ADDR
                0x08002c22      0x336 Drivers\STM32F1xx_HAL_Driver\Src\stm32f1xx_hal_i2c.o
 .text.I2C_SlaveTransmit_TXE
                0x08002f58       0x7a Drivers\STM32F1xx_HAL_Driver\Src\stm32f1xx_hal_i2c.o
 .text.I2C_SlaveTransmit_BTF
                0x08002fd2       0x40 Drivers\STM32F1xx_HAL_Driver\Src\stm32f1xx_hal_i2c.o
 .text.I2C_SlaveReceive_RXNE
                0x08003012       0x7c Drivers\STM32F1xx_HAL_Driver\Src\stm32f1xx_hal_i2c.o
 .text.I2C_SlaveReceive_BTF
                0x0800308e       0x42 Drivers\STM32F1xx_HAL_Driver\Src\stm32f1xx_hal_i2c.o
 .text.I2C_Slave_ADDR
                0x080030d0       0x84 Drivers\STM32F1xx_HAL_Driver\Src\stm32f1xx_hal_i2c.o
 .text.I2C_Slave_STOPF
                0x08003154      0x260 Drivers\STM32F1xx_HAL_Driver\Src\stm32f1xx_hal_i2c.o
 .text.I2C_ITError
                0x080033b4      0x264 Drivers\STM32F1xx_HAL_Driver\Src\stm32f1xx_hal_i2c.o
 .text.I2C_RequestMemoryWrite
                0x08003618      0x128 Drivers\STM32F1xx_HAL_Driver\Src\stm32f1xx_hal_i2c.o
 .text.I2C_RequestMemoryRead
                0x08003740      0x1d0 Drivers\STM32F1xx_HAL_Driver\Src\stm32f1xx_hal_i2c.o
 .text.I2C_DMAAbort
                0x08003910      0x150 Drivers\STM32F1xx_HAL_Driver\Src\stm32f1xx_hal_i2c.o
 .text.I2C_WaitOnFlagUntilTimeout
                0x08003a60       0xae Drivers\STM32F1xx_HAL_Driver\Src\stm32f1xx_hal_i2c.o
 .text.I2C_WaitOnMasterAddressFlagUntilTimeout
                0x08003b0e       0xfe Drivers\STM32F1xx_HAL_Driver\Src\stm32f1xx_hal_i2c.o
 .text.I2C_WaitOnTXEFlagUntilTimeout
                0x08003c0c       0x82 Drivers\STM32F1xx_HAL_Driver\Src\stm32f1xx_hal_i2c.o
 .text.I2C_WaitOnBTFFlagUntilTimeout
                0x08003c8e       0x82 Drivers\STM32F1xx_HAL_Driver\Src\stm32f1xx_hal_i2c.o
 .text.I2C_WaitOnSTOPRequestThroughIT
                0x08003d10       0x64 Drivers\STM32F1xx_HAL_Driver\Src\stm32f1xx_hal_i2c.o
 .text.I2C_WaitOnRXNEFlagUntilTimeout
                0x08003d74       0xac Drivers\STM32F1xx_HAL_Driver\Src\stm32f1xx_hal_i2c.o
 .text.I2C_IsAcknowledgeFailed
                0x08003e20       0x5c Drivers\STM32F1xx_HAL_Driver\Src\stm32f1xx_hal_i2c.o
 .text.I2C_ConvertOtherXferOptions
                0x08003e7c       0x34 Drivers\STM32F1xx_HAL_Driver\Src\stm32f1xx_hal_i2c.o
 .text.HAL_PWR_EnableBkUpAccess
                0x08003eb0       0x18 Drivers\STM32F1xx_HAL_Driver\Src\stm32f1xx_hal_pwr.o
                0x08003eb0                HAL_PWR_EnableBkUpAccess
 .text.HAL_RCC_OscConfig
                0x08003ec8      0x500 Drivers\STM32F1xx_HAL_Driver\Src\stm32f1xx_hal_rcc.o
                0x08003ec8                HAL_RCC_OscConfig
 .text.HAL_RCC_ClockConfig
                0x080043c8      0x1d4 Drivers\STM32F1xx_HAL_Driver\Src\stm32f1xx_hal_rcc.o
                0x080043c8                HAL_RCC_ClockConfig
 .text.HAL_RCC_GetSysClockFreq
                0x0800459c       0xc4 Drivers\STM32F1xx_HAL_Driver\Src\stm32f1xx_hal_rcc.o
                0x0800459c                HAL_RCC_GetSysClockFreq
 .text.HAL_RCC_GetHCLKFreq
                0x08004660       0x14 Drivers\STM32F1xx_HAL_Driver\Src\stm32f1xx_hal_rcc.o
                0x08004660                HAL_RCC_GetHCLKFreq
 .text.HAL_RCC_GetPCLK1Freq
                0x08004674       0x28 Drivers\STM32F1xx_HAL_Driver\Src\stm32f1xx_hal_rcc.o
                0x08004674                HAL_RCC_GetPCLK1Freq
 .text.HAL_RCC_GetPCLK2Freq
                0x0800469c       0x28 Drivers\STM32F1xx_HAL_Driver\Src\stm32f1xx_hal_rcc.o
                0x0800469c                HAL_RCC_GetPCLK2Freq
 .text.RCC_Delay
                0x080046c4       0x3c Drivers\STM32F1xx_HAL_Driver\Src\stm32f1xx_hal_rcc.o
 .text.HAL_RCCEx_PeriphCLKConfig
                0x08004700      0x16c Drivers\STM32F1xx_HAL_Driver\Src\stm32f1xx_hal_rcc_ex.o
                0x08004700                HAL_RCCEx_PeriphCLKConfig
 .text.HAL_RCCEx_GetPeriphCLKFreq
                0x0800486c      0x178 Drivers\STM32F1xx_HAL_Driver\Src\stm32f1xx_hal_rcc_ex.o
                0x0800486c                HAL_RCCEx_GetPeriphCLKFreq
 .text.HAL_RTC_Init
                0x080049e4      0x12c Drivers\STM32F1xx_HAL_Driver\Src\stm32f1xx_hal_rtc.o
                0x080049e4                HAL_RTC_Init
 .text.HAL_RTC_SetTime
                0x08004b10      0x12e Drivers\STM32F1xx_HAL_Driver\Src\stm32f1xx_hal_rtc.o
                0x08004b10                HAL_RTC_SetTime
 *fill*         0x08004c3e        0x2 
 .text.HAL_RTC_GetTime
                0x08004c40      0x1b0 Drivers\STM32F1xx_HAL_Driver\Src\stm32f1xx_hal_rtc.o
                0x08004c40                HAL_RTC_GetTime
 .text.HAL_RTC_SetDate
                0x08004df0      0x16c Drivers\STM32F1xx_HAL_Driver\Src\stm32f1xx_hal_rtc.o
                0x08004df0                HAL_RTC_SetDate
 .text.HAL_RTC_GetDate
                0x08004f5c       0xa8 Drivers\STM32F1xx_HAL_Driver\Src\stm32f1xx_hal_rtc.o
                0x08004f5c                HAL_RTC_GetDate
 .text.HAL_RTC_WaitForSynchro
                0x08005004       0x5a Drivers\STM32F1xx_HAL_Driver\Src\stm32f1xx_hal_rtc.o
                0x08005004                HAL_RTC_WaitForSynchro
 .text.RTC_ReadTimeCounter
                0x0800505e       0x60 Drivers\STM32F1xx_HAL_Driver\Src\stm32f1xx_hal_rtc.o
 .text.RTC_WriteTimeCounter
                0x080050be       0x4e Drivers\STM32F1xx_HAL_Driver\Src\stm32f1xx_hal_rtc.o
 .text.RTC_ReadAlarmCounter
                0x0800510c       0x32 Drivers\STM32F1xx_HAL_Driver\Src\stm32f1xx_hal_rtc.o
 .text.RTC_WriteAlarmCounter
                0x0800513e       0x4e Drivers\STM32F1xx_HAL_Driver\Src\stm32f1xx_hal_rtc.o
 .text.RTC_EnterInitMode
                0x0800518c       0x50 Drivers\STM32F1xx_HAL_Driver\Src\stm32f1xx_hal_rtc.o
 .text.RTC_ExitInitMode
                0x080051dc       0x50 Drivers\STM32F1xx_HAL_Driver\Src\stm32f1xx_hal_rtc.o
 .text.RTC_ByteToBcd2
                0x0800522c       0x3a Drivers\STM32F1xx_HAL_Driver\Src\stm32f1xx_hal_rtc.o
 .text.RTC_Bcd2ToByte
                0x08005266       0x3a Drivers\STM32F1xx_HAL_Driver\Src\stm32f1xx_hal_rtc.o
 .text.RTC_DateUpdate
                0x080052a0      0x152 Drivers\STM32F1xx_HAL_Driver\Src\stm32f1xx_hal_rtc.o
 *fill*         0x080053f2        0x2 
 .text.RTC_IsLeapYear
                0x080053f4       0x64 Drivers\STM32F1xx_HAL_Driver\Src\stm32f1xx_hal_rtc.o
 .text.RTC_WeekDayNum
                0x08005458       0xf0 Drivers\STM32F1xx_HAL_Driver\Src\stm32f1xx_hal_rtc.o
 .text.HAL_RTCEx_RTCIRQHandler
                0x08005548       0x68 Drivers\STM32F1xx_HAL_Driver\Src\stm32f1xx_hal_rtc_ex.o
                0x08005548                HAL_RTCEx_RTCIRQHandler
 .text.HAL_RTCEx_RTCEventCallback
                0x080055b0       0x12 Drivers\STM32F1xx_HAL_Driver\Src\stm32f1xx_hal_rtc_ex.o
                0x080055b0                HAL_RTCEx_RTCEventCallback
 .text.HAL_RTCEx_RTCEventErrorCallback
                0x080055c2       0x12 Drivers\STM32F1xx_HAL_Driver\Src\stm32f1xx_hal_rtc_ex.o
                0x080055c2                HAL_RTCEx_RTCEventErrorCallback
 .text.HAL_RTCEx_BKUPWrite
                0x080055d4       0x34 Drivers\STM32F1xx_HAL_Driver\Src\stm32f1xx_hal_rtc_ex.o
                0x080055d4                HAL_RTCEx_BKUPWrite
 .text.HAL_RTCEx_BKUPRead
                0x08005608       0x38 Drivers\STM32F1xx_HAL_Driver\Src\stm32f1xx_hal_rtc_ex.o
                0x08005608                HAL_RTCEx_BKUPRead
 .text.HAL_TIM_Base_Init
                0x08005640       0x9e Drivers\STM32F1xx_HAL_Driver\Src\stm32f1xx_hal_tim.o
                0x08005640                HAL_TIM_Base_Init
 *fill*         0x080056de        0x2 
 .text.HAL_TIM_Base_Start_IT
                0x080056e0       0xa4 Drivers\STM32F1xx_HAL_Driver\Src\stm32f1xx_hal_tim.o
                0x080056e0                HAL_TIM_Base_Start_IT
 .text.HAL_TIM_IRQHandler
                0x08005784      0x210 Drivers\STM32F1xx_HAL_Driver\Src\stm32f1xx_hal_tim.o
                0x08005784                HAL_TIM_IRQHandler
 .text.HAL_TIM_ConfigClockSource
                0x08005994      0x16e Drivers\STM32F1xx_HAL_Driver\Src\stm32f1xx_hal_tim.o
                0x08005994                HAL_TIM_ConfigClockSource
 .text.HAL_TIM_PeriodElapsedCallback
                0x08005b02       0x12 Drivers\STM32F1xx_HAL_Driver\Src\stm32f1xx_hal_tim.o
                0x08005b02                HAL_TIM_PeriodElapsedCallback
 .text.HAL_TIM_OC_DelayElapsedCallback
                0x08005b14       0x12 Drivers\STM32F1xx_HAL_Driver\Src\stm32f1xx_hal_tim.o
                0x08005b14                HAL_TIM_OC_DelayElapsedCallback
 .text.HAL_TIM_IC_CaptureCallback
                0x08005b26       0x12 Drivers\STM32F1xx_HAL_Driver\Src\stm32f1xx_hal_tim.o
                0x08005b26                HAL_TIM_IC_CaptureCallback
 .text.HAL_TIM_PWM_PulseFinishedCallback
                0x08005b38       0x12 Drivers\STM32F1xx_HAL_Driver\Src\stm32f1xx_hal_tim.o
                0x08005b38                HAL_TIM_PWM_PulseFinishedCallback
 .text.HAL_TIM_TriggerCallback
                0x08005b4a       0x12 Drivers\STM32F1xx_HAL_Driver\Src\stm32f1xx_hal_tim.o
                0x08005b4a                HAL_TIM_TriggerCallback
 .text.TIM_Base_SetConfig
                0x08005b5c       0xc4 Drivers\STM32F1xx_HAL_Driver\Src\stm32f1xx_hal_tim.o
                0x08005b5c                TIM_Base_SetConfig
 .text.TIM_TI1_ConfigInputStage
                0x08005c20       0x5c Drivers\STM32F1xx_HAL_Driver\Src\stm32f1xx_hal_tim.o
 .text.TIM_TI2_ConfigInputStage
                0x08005c7c       0x5e Drivers\STM32F1xx_HAL_Driver\Src\stm32f1xx_hal_tim.o
 .text.TIM_ITRx_SetConfig
                0x08005cda       0x34 Drivers\STM32F1xx_HAL_Driver\Src\stm32f1xx_hal_tim.o
 .text.TIM_ETR_SetConfig
                0x08005d0e       0x3e Drivers\STM32F1xx_HAL_Driver\Src\stm32f1xx_hal_tim.o
                0x08005d0e                TIM_ETR_SetConfig
 .text.HAL_TIMEx_MasterConfigSynchronization
                0x08005d4c       0xbc Drivers\STM32F1xx_HAL_Driver\Src\stm32f1xx_hal_tim_ex.o
                0x08005d4c                HAL_TIMEx_MasterConfigSynchronization
 .text.HAL_TIMEx_CommutCallback
                0x08005e08       0x12 Drivers\STM32F1xx_HAL_Driver\Src\stm32f1xx_hal_tim_ex.o
                0x08005e08                HAL_TIMEx_CommutCallback
 .text.HAL_TIMEx_BreakCallback
                0x08005e1a       0x12 Drivers\STM32F1xx_HAL_Driver\Src\stm32f1xx_hal_tim_ex.o
                0x08005e1a                HAL_TIMEx_BreakCallback
 .text.max30102_WriteReg
                0x08005e2c       0x38 Src\MAX30102.o
                0x08005e2c                max30102_WriteReg
 .text.max30102_ReadReg
                0x08005e64       0x34 Src\MAX30102.o
                0x08005e64                max30102_ReadReg
 .text.max30102_ReadFifo
                0x08005e98       0xe4 Src\MAX30102.o
                0x08005e98                max30102_ReadFifo
 .text.max30102_Init
                0x08005f7c       0x6e Src\MAX30102.o
                0x08005f7c                max30102_Init
 *fill*         0x08005fea        0x6 
 .text.rf_heart_rate_and_oxygen_saturation
                0x08005ff0      0x474 Src\algorithm.o
                0x08005ff0                rf_heart_rate_and_oxygen_saturation
 .text.rf_linear_regression_beta
                0x08006464       0x6e Src\algorithm.o
                0x08006464                rf_linear_regression_beta
 .text.rf_autocorrelation
                0x080064d2       0x90 Src\algorithm.o
                0x080064d2                rf_autocorrelation
 .text.rf_initialize_periodicity_search
                0x08006562       0xe8 Src\algorithm.o
                0x08006562                rf_initialize_periodicity_search
 .text.rf_signal_periodicity
                0x0800664a      0x10c Src\algorithm.o
                0x0800664a                rf_signal_periodicity
 .text.rf_rms   0x08006756       0xa2 Src\algorithm.o
                0x08006756                rf_rms
 .text.rf_Pcorrelation
                0x080067f8       0x7a Src\algorithm.o
                0x080067f8                rf_Pcorrelation
 *fill*         0x08006872        0x2 
 .text.HAL_GPIO_EXTI_Callback
                0x08006874       0xb8 Src\main.o
                0x08006874                HAL_GPIO_EXTI_Callback
 .text.main     0x0800692c      0x168 Src\main.o
                0x0800692c                main
 .text.SystemClock_Config
                0x08006a94       0xb6 Src\main.o
                0x08006a94                SystemClock_Config
 *fill*         0x08006b4a        0x2 
 .text.MX_I2C1_Init
                0x08006b4c       0x60 Src\main.o
 .text.MX_I2C2_Init
                0x08006bac       0x60 Src\main.o
 .text.MX_RTC_Init
                0x08006c0c       0xd4 Src\main.o
 .text.MX_TIM1_Init
                0x08006ce0       0xa4 Src\main.o
 .text.MX_GPIO_Init
                0x08006d84       0xe4 Src\main.o
 .text.Error_Handler
                0x08006e68        0x6 Src\main.o
                0x08006e68                Error_Handler
 *fill*         0x08006e6e        0x2 
 .text.change_page
                0x08006e70      0x414 Src\mode.o
                0x08006e70                change_page
 .text.rtc_timer
                0x08007284       0x78 Src\mode.o
                0x08007284                rtc_timer
 .text.draw_one_chart
                0x080072fc      0x44e Src\mode.o
                0x080072fc                draw_one_chart
 .text.ssd1306_Reset
                0x0800774a        0xc Src\ssd1306.o
                0x0800774a                ssd1306_Reset
 *fill*         0x08007756        0x2 
 .text.ssd1306_WriteCommand
                0x08007758       0x30 Src\ssd1306.o
                0x08007758                ssd1306_WriteCommand
 .text.ssd1306_WriteData
                0x08007788       0x34 Src\ssd1306.o
                0x08007788                ssd1306_WriteData
 .text.ssd1306_Init
                0x080077bc       0xd4 Src\ssd1306.o
                0x080077bc                ssd1306_Init
 .text.ssd1306_Fill
                0x08007890       0x44 Src\ssd1306.o
                0x08007890                ssd1306_Fill
 .text.ssd1306_UpdateScreen
                0x080078d4       0x54 Src\ssd1306.o
                0x080078d4                ssd1306_UpdateScreen
 .text.ssd1306_DrawPixel
                0x08007928       0xd0 Src\ssd1306.o
                0x08007928                ssd1306_DrawPixel
 .text.ssd1306_WriteChar
                0x080079f8      0x110 Src\ssd1306.o
                0x080079f8                ssd1306_WriteChar
 .text.ssd1306_WriteString
                0x08007b08       0x4c Src\ssd1306.o
                0x08007b08                ssd1306_WriteString
 .text.ssd1306_SetCursor
                0x08007b54       0x30 Src\ssd1306.o
                0x08007b54                ssd1306_SetCursor
 .text.ssd1306_Line
                0x08007b84       0xd8 Src\ssd1306.o
                0x08007b84                ssd1306_Line
 .text.ssd1306_SetContrast
                0x08007c5c       0x26 Src\ssd1306.o
                0x08007c5c                ssd1306_SetContrast
 *fill*         0x08007c82        0x2 
 .text.ssd1306_SetDisplayOn
                0x08007c84       0x3c Src\ssd1306.o
                0x08007c84                ssd1306_SetDisplayOn
 .text.ssd1306_WriteNum
                0x08007cc0       0x3c Src\ssd1306.o
                0x08007cc0                ssd1306_WriteNum
 .text.HAL_MspInit
                0x08007cfc       0x64 Src\stm32f1xx_hal_msp.o
                0x08007cfc                HAL_MspInit
 .text.HAL_I2C_MspInit
                0x08007d60       0xe8 Src\stm32f1xx_hal_msp.o
                0x08007d60                HAL_I2C_MspInit
 .text.HAL_RTC_MspInit
                0x08007e48       0x58 Src\stm32f1xx_hal_msp.o
                0x08007e48                HAL_RTC_MspInit
 .text.HAL_TIM_Base_MspInit
                0x08007ea0       0x4c Src\stm32f1xx_hal_msp.o
                0x08007ea0                HAL_TIM_Base_MspInit
 .text.NMI_Handler
                0x08007eec        0x6 Src\stm32f1xx_it.o
                0x08007eec                NMI_Handler
 .text.HardFault_Handler
                0x08007ef2        0x6 Src\stm32f1xx_it.o
                0x08007ef2                HardFault_Handler
 .text.MemManage_Handler
                0x08007ef8        0x6 Src\stm32f1xx_it.o
                0x08007ef8                MemManage_Handler
 .text.BusFault_Handler
                0x08007efe        0x6 Src\stm32f1xx_it.o
                0x08007efe                BusFault_Handler
 .text.UsageFault_Handler
                0x08007f04        0x6 Src\stm32f1xx_it.o
                0x08007f04                UsageFault_Handler
 .text.SVC_Handler
                0x08007f0a        0xc Src\stm32f1xx_it.o
                0x08007f0a                SVC_Handler
 .text.DebugMon_Handler
                0x08007f16        0xc Src\stm32f1xx_it.o
                0x08007f16                DebugMon_Handler
 .text.PendSV_Handler
                0x08007f22        0xc Src\stm32f1xx_it.o
                0x08007f22                PendSV_Handler
 .text.SysTick_Handler
                0x08007f2e        0xc Src\stm32f1xx_it.o
                0x08007f2e                SysTick_Handler
 *fill*         0x08007f3a        0x2 
 .text.RTC_IRQHandler
                0x08007f3c       0x14 Src\stm32f1xx_it.o
                0x08007f3c                RTC_IRQHandler
 .text.EXTI0_IRQHandler
                0x08007f50        0xe Src\stm32f1xx_it.o
                0x08007f50                EXTI0_IRQHandler
 .text.EXTI1_IRQHandler
                0x08007f5e        0xe Src\stm32f1xx_it.o
                0x08007f5e                EXTI1_IRQHandler
 .text.EXTI3_IRQHandler
                0x08007f6c        0xe Src\stm32f1xx_it.o
                0x08007f6c                EXTI3_IRQHandler
 *fill*         0x08007f7a        0x2 
 .text.TIM1_UP_IRQHandler
                0x08007f7c       0x14 Src\stm32f1xx_it.o
                0x08007f7c                TIM1_UP_IRQHandler
 .text.I2C2_EV_IRQHandler
                0x08007f90       0x14 Src\stm32f1xx_it.o
                0x08007f90                I2C2_EV_IRQHandler
 .text.EXTI15_10_IRQHandler
                0x08007fa4       0x10 Src\stm32f1xx_it.o
                0x08007fa4                EXTI15_10_IRQHandler
 .text.SystemInit
                0x08007fb4        0xc Src\system_stm32f1xx.o
                0x08007fb4                SystemInit
 .text.Reset_Handler
                0x08007fc0       0x48 startup\startup_stm32f103xb.o
                0x08007fc0                Reset_Handler
 .text.Default_Handler
                0x08008008        0x2 startup\startup_stm32f103xb.o
                0x08008008                RTC_Alarm_IRQHandler
                0x08008008                EXTI2_IRQHandler
                0x08008008                TIM1_CC_IRQHandler
                0x08008008                PVD_IRQHandler
                0x08008008                ADC1_2_IRQHandler
                0x08008008                SPI1_IRQHandler
                0x08008008                TAMPER_IRQHandler
                0x08008008                DMA1_Channel4_IRQHandler
                0x08008008                USART3_IRQHandler
                0x08008008                DMA1_Channel7_IRQHandler
                0x08008008                CAN1_RX1_IRQHandler
                0x08008008                TIM4_IRQHandler
                0x08008008                I2C1_EV_IRQHandler
                0x08008008                DMA1_Channel6_IRQHandler
                0x08008008                TIM3_IRQHandler
                0x08008008                RCC_IRQHandler
                0x08008008                TIM1_TRG_COM_IRQHandler
                0x08008008                DMA1_Channel1_IRQHandler
                0x08008008                Default_Handler
                0x08008008                EXTI9_5_IRQHandler
                0x08008008                SPI2_IRQHandler
                0x08008008                DMA1_Channel5_IRQHandler
                0x08008008                EXTI4_IRQHandler
                0x08008008                USB_LP_CAN1_RX0_IRQHandler
                0x08008008                USB_HP_CAN1_TX_IRQHandler
                0x08008008                DMA1_Channel3_IRQHandler
                0x08008008                WWDG_IRQHandler
                0x08008008                TIM2_IRQHandler
                0x08008008                TIM1_BRK_IRQHandler
                0x08008008                USART2_IRQHandler
                0x08008008                I2C2_ER_IRQHandler
                0x08008008                DMA1_Channel2_IRQHandler
                0x08008008                CAN1_SCE_IRQHandler
                0x08008008                FLASH_IRQHandler
                0x08008008                USART1_IRQHandler
                0x08008008                I2C1_ER_IRQHandler
                0x08008008                USBWakeUp_IRQHandler
 *fill*         0x0800800a        0x2 
 .text.__errno  0x0800800c        0xc c:/program files (x86)/atollic/truestudio for stm32 9.3.0/armtools/bin/../lib/gcc/arm-atollic-eabi/6.3.1/../../../../arm-atollic-eabi/lib/armv7-m\libc.a(lib_a-errno.o)
                0x0800800c                __errno
 .text.__libc_init_array
                0x08008018       0x48 c:/program files (x86)/atollic/truestudio for stm32 9.3.0/armtools/bin/../lib/gcc/arm-atollic-eabi/6.3.1/../../../../arm-atollic-eabi/lib/armv7-m\libc.a(lib_a-init.o)
                0x08008018                __libc_init_array
 .text.__itoa   0x08008060       0x30 c:/program files (x86)/atollic/truestudio for stm32 9.3.0/armtools/bin/../lib/gcc/arm-atollic-eabi/6.3.1/../../../../arm-atollic-eabi/lib/armv7-m\libc.a(lib_a-itoa.o)
                0x08008060                __itoa
 .text.itoa     0x08008090        0x4 c:/program files (x86)/atollic/truestudio for stm32 9.3.0/armtools/bin/../lib/gcc/arm-atollic-eabi/6.3.1/../../../../arm-atollic-eabi/lib/armv7-m\libc.a(lib_a-itoa.o)
                0x08008090                itoa
 .text.memset   0x08008094       0x10 c:/program files (x86)/atollic/truestudio for stm32 9.3.0/armtools/bin/../lib/gcc/arm-atollic-eabi/6.3.1/../../../../arm-atollic-eabi/lib/armv7-m\libc.a(lib_a-memset.o)
                0x08008094                memset
 .text.__utoa   0x080080a4       0x80 c:/program files (x86)/atollic/truestudio for stm32 9.3.0/armtools/bin/../lib/gcc/arm-atollic-eabi/6.3.1/../../../../arm-atollic-eabi/lib/armv7-m\libc.a(lib_a-utoa.o)
                0x080080a4                __utoa
 .text.sqrt     0x08008124       0xa8 c:/program files (x86)/atollic/truestudio for stm32 9.3.0/armtools/bin/../lib/gcc/arm-atollic-eabi/6.3.1/../../../../arm-atollic-eabi/lib/armv7-m\libm.a(lib_a-w_sqrt.o)
                0x08008124                sqrt
 .text.__ieee754_sqrt
                0x080081cc      0x158 c:/program files (x86)/atollic/truestudio for stm32 9.3.0/armtools/bin/../lib/gcc/arm-atollic-eabi/6.3.1/../../../../arm-atollic-eabi/lib/armv7-m\libm.a(lib_a-e_sqrt.o)
                0x080081cc                __ieee754_sqrt
 .text.matherr  0x08008324        0x4 c:/program files (x86)/atollic/truestudio for stm32 9.3.0/armtools/bin/../lib/gcc/arm-atollic-eabi/6.3.1/../../../../arm-atollic-eabi/lib/armv7-m\libm.a(lib_a-s_matherr.o)
                0x08008324                matherr
 *(.glue_7)
 .glue_7        0x08008328        0x0 linker stubs
 *(.glue_7t)
 .glue_7t       0x08008328        0x0 linker stubs
 *(.eh_frame)
 .eh_frame      0x08008328        0x0 c:/program files (x86)/atollic/truestudio for stm32 9.3.0/armtools/bin/../lib/gcc/arm-atollic-eabi/6.3.1/armv7-m/crtbegin.o
 *(.init)
 .init          0x08008328        0x4 c:/program files (x86)/atollic/truestudio for stm32 9.3.0/armtools/bin/../lib/gcc/arm-atollic-eabi/6.3.1/armv7-m/crti.o
                0x08008328                _init
 .init          0x0800832c        0x8 c:/program files (x86)/atollic/truestudio for stm32 9.3.0/armtools/bin/../lib/gcc/arm-atollic-eabi/6.3.1/armv7-m/crtn.o
 *(.fini)
 .fini          0x08008334        0x4 c:/program files (x86)/atollic/truestudio for stm32 9.3.0/armtools/bin/../lib/gcc/arm-atollic-eabi/6.3.1/armv7-m/crti.o
                0x08008334                _fini
 .fini          0x08008338        0x8 c:/program files (x86)/atollic/truestudio for stm32 9.3.0/armtools/bin/../lib/gcc/arm-atollic-eabi/6.3.1/armv7-m/crtn.o
                0x08008340                . = ALIGN (0x4)
                0x08008340                _etext = .

.vfp11_veneer   0x08008340        0x0
 .vfp11_veneer  0x08008340        0x0 linker stubs

.v4_bx          0x08008340        0x0
 .v4_bx         0x08008340        0x0 linker stubs

.iplt           0x08008340        0x0
 .iplt          0x08008340        0x0 c:/program files (x86)/atollic/truestudio for stm32 9.3.0/armtools/bin/../lib/gcc/arm-atollic-eabi/6.3.1/armv7-m/crtbegin.o

.rodata         0x08008340     0x1b58
                0x08008340                . = ALIGN (0x4)
 *(.rodata)
 .rodata        0x08008340       0x12 Drivers\STM32F1xx_HAL_Driver\Src\stm32f1xx_hal_rcc.o
 *fill*         0x08008352        0x2 
 .rodata        0x08008354       0x12 Drivers\STM32F1xx_HAL_Driver\Src\stm32f1xx_hal_rcc_ex.o
 *fill*         0x08008366        0x2 
 .rodata        0x08008368        0x2 Src\main.o
 *fill*         0x0800836a        0x2 
 .rodata        0x0800836c       0x2a Src\mode.o
 *(.rodata*)
 *fill*         0x08008396        0x2 
 .rodata.BUFFER_SIZE
                0x08008398        0x4 Src\algorithm.o
                0x08008398                BUFFER_SIZE
 .rodata.Font7x10
                0x0800839c      0x76c Src\ssd1306_fonts.o
 .rodata.Font11x18
                0x08008b08      0xd5c Src\ssd1306_fonts.o
 .rodata.Font6x8
                0x08009864      0x5f0 Src\ssd1306_fonts.o
 .rodata.AHBPrescTable
                0x08009e54       0x10 Src\system_stm32f1xx.o
                0x08009e54                AHBPrescTable
 .rodata.APBPrescTable
                0x08009e64        0x8 Src\system_stm32f1xx.o
                0x08009e64                APBPrescTable
 .rodata.__utoa.str1.1
                0x08009e6c       0x25 c:/program files (x86)/atollic/truestudio for stm32 9.3.0/armtools/bin/../lib/gcc/arm-atollic-eabi/6.3.1/../../../../arm-atollic-eabi/lib/armv7-m\libc.a(lib_a-utoa.o)
 .rodata.sqrt.str1.1
                0x08009e91        0x5 c:/program files (x86)/atollic/truestudio for stm32 9.3.0/armtools/bin/../lib/gcc/arm-atollic-eabi/6.3.1/../../../../arm-atollic-eabi/lib/armv7-m\libm.a(lib_a-w_sqrt.o)
                0x08009e98                . = ALIGN (0x4)
 *fill*         0x08009e96        0x2 

.rel.dyn        0x08009e98        0x0
 .rel.iplt      0x08009e98        0x0 c:/program files (x86)/atollic/truestudio for stm32 9.3.0/armtools/bin/../lib/gcc/arm-atollic-eabi/6.3.1/armv7-m/crtbegin.o

.ARM.extab
 *(.ARM.extab* .gnu.linkonce.armextab.*)

.ARM            0x08009e98        0x0
                0x08009e98                __exidx_start = .
 *(.ARM.exidx*)
                0x08009e98                __exidx_end = .

.preinit_array  0x08009e98        0x0
                0x08009e98                PROVIDE (__preinit_array_start, .)
 *(.preinit_array*)
                0x08009e98                PROVIDE (__preinit_array_end, .)

.init_array     0x08009e98        0x4
                0x08009e98                PROVIDE (__init_array_start, .)
 *(SORT(.init_array.*))
 *(.init_array*)
 .init_array    0x08009e98        0x4 c:/program files (x86)/atollic/truestudio for stm32 9.3.0/armtools/bin/../lib/gcc/arm-atollic-eabi/6.3.1/armv7-m/crtbegin.o
                0x08009e9c                PROVIDE (__init_array_end, .)

.fini_array     0x08009e9c        0x4
                [!provide]                PROVIDE (__fini_array_start, .)
 *(SORT(.fini_array.*))
 *(.fini_array*)
 .fini_array    0x08009e9c        0x4 c:/program files (x86)/atollic/truestudio for stm32 9.3.0/armtools/bin/../lib/gcc/arm-atollic-eabi/6.3.1/armv7-m/crtbegin.o
                [!provide]                PROVIDE (__fini_array_end, .)
                0x08009ea0                _sidata = LOADADDR (.data)

.data           0x20000000      0x124 load address 0x08009ea0
                0x20000000                . = ALIGN (0x4)
                0x20000000                _sdata = .
 *(.data)
 *(.data*)
 .data.uwTickPrio
                0x20000000        0x4 Drivers\STM32F1xx_HAL_Driver\Src\stm32f1xx_hal.o
                0x20000000                uwTickPrio
 .data.uwTickFreq
                0x20000004        0x1 Drivers\STM32F1xx_HAL_Driver\Src\stm32f1xx_hal.o
                0x20000004                uwTickFreq
 *fill*         0x20000005        0x3 
 .data.n_last_peak_interval.7088
                0x20000008        0x4 Src\algorithm.o
 .data.lowest_hb
                0x2000000c        0x4 Src\main.o
                0x2000000c                lowest_hb
 .data.Font_6x8
                0x20000010        0x8 Src\ssd1306_fonts.o
                0x20000010                Font_6x8
 .data.Font_7x10
                0x20000018        0x8 Src\ssd1306_fonts.o
                0x20000018                Font_7x10
 .data.Font_11x18
                0x20000020        0x8 Src\ssd1306_fonts.o
                0x20000020                Font_11x18
 .data.SystemCoreClock
                0x20000028        0x4 Src\system_stm32f1xx.o
                0x20000028                SystemCoreClock
 .data._impure_ptr
                0x2000002c        0x4 c:/program files (x86)/atollic/truestudio for stm32 9.3.0/armtools/bin/../lib/gcc/arm-atollic-eabi/6.3.1/../../../../arm-atollic-eabi/lib/armv7-m\libc.a(lib_a-impure.o)
                0x2000002c                _impure_ptr
 .data.impure_data
                0x20000030       0xf0 c:/program files (x86)/atollic/truestudio for stm32 9.3.0/armtools/bin/../lib/gcc/arm-atollic-eabi/6.3.1/../../../../arm-atollic-eabi/lib/armv7-m\libc.a(lib_a-impure.o)
 .data.__fdlib_version
                0x20000120        0x1 c:/program files (x86)/atollic/truestudio for stm32 9.3.0/armtools/bin/../lib/gcc/arm-atollic-eabi/6.3.1/../../../../arm-atollic-eabi/lib/armv7-m\libm.a(lib_a-s_lib_ver.o)
                0x20000120                __fdlib_version
                0x20000124                . = ALIGN (0x4)
 *fill*         0x20000121        0x3 
                0x20000124                _edata = .

.igot.plt       0x20000124        0x0 load address 0x08009fc4
 .igot.plt      0x20000124        0x0 c:/program files (x86)/atollic/truestudio for stm32 9.3.0/armtools/bin/../lib/gcc/arm-atollic-eabi/6.3.1/armv7-m/crtbegin.o
                0x20000124                . = ALIGN (0x4)

.bss            0x20000124     0x1520 load address 0x08009fc4
                0x20000124                _sbss = .
                0x20000124                __bss_start__ = _sbss
 *(.bss)
 .bss           0x20000124       0x1c c:/program files (x86)/atollic/truestudio for stm32 9.3.0/armtools/bin/../lib/gcc/arm-atollic-eabi/6.3.1/armv7-m/crtbegin.o
 *(.bss*)
 .bss.highest_hb
                0x20000140        0x4 Src\main.o
                0x20000140                highest_hb
 .bss.flag      0x20000144        0x1 Src\main.o
                0x20000144                flag
 .bss.flag2     0x20000145        0x1 Src\main.o
                0x20000145                flag2
 .bss.flag3     0x20000146        0x1 Src\main.o
                0x20000146                flag3
 .bss.set_hour  0x20000147        0x1 Src\main.o
                0x20000147                set_hour
 .bss.set_minute
                0x20000148        0x1 Src\main.o
                0x20000148                set_minute
 *fill*         0x20000149        0x3 
 .bss.SSD1306_Buffer
                0x2000014c      0x410 Src\ssd1306.o
 .bss.SSD1306   0x2000055c        0x8 Src\ssd1306.o
 *(COMMON)
 COMMON         0x20000564        0x4 Drivers\STM32F1xx_HAL_Driver\Src\stm32f1xx_hal.o
                0x20000564                uwTick
 COMMON         0x20000568     0x10da Src\main.o
                0x20000568                datetoupdate
                0x2000056c                hi2c1
                0x200005c0                sTime
                0x200005c4                hi2c2
                0x20000618                month
                0x2000061c                aun_ir_buffer
                0x20000dec                minute
                0x20000df0                n_spo2
                0x20000df4                aun_red_buffer
                0x200015c4                i
                0x200015c8                n_heart_rate
                0x200015cc                hour
                0x200015d0                hrtc
                0x200015e4                htim1
                0x2000162c                ch_spo2_valid
                0x20001630                ratio
                0x20001634                year
                0x20001638                sec
                0x2000163c                correl
                0x20001640                ch_hr_valid
                0x20001641                date
                0x20001644                . = ALIGN (0x4)
 *fill*         0x20001642        0x2 
                0x20001644                _ebss = .
                0x20001644                __bss_end__ = _ebss

._user_heap_stack
                0x20001644      0x600 load address 0x08009fc4
                0x20001644                . = ALIGN (0x4)
                0x20001644                PROVIDE (end, .)
                [!provide]                PROVIDE (_end, .)
                0x20001844                . = (. + _Min_Heap_Size)
 *fill*         0x20001644      0x200 
                0x20001c44                . = (. + _Min_Stack_Size)
 *fill*         0x20001844      0x400 
                0x20001c44                . = ALIGN (0x4)

/DISCARD/
 libc.a(*)
 libm.a(*)
 libgcc.a(*)

.ARM.attributes
                0x00000000       0x29
 *(.ARM.attributes)
 .ARM.attributes
                0x00000000       0x1d c:/program files (x86)/atollic/truestudio for stm32 9.3.0/armtools/bin/../lib/gcc/arm-atollic-eabi/6.3.1/armv7-m/crti.o
 .ARM.attributes
                0x0000001d       0x2d c:/program files (x86)/atollic/truestudio for stm32 9.3.0/armtools/bin/../lib/gcc/arm-atollic-eabi/6.3.1/armv7-m/crtbegin.o
 .ARM.attributes
                0x0000004a       0x33 Drivers\STM32F1xx_HAL_Driver\Src\stm32f1xx_hal.o
 .ARM.attributes
                0x0000007d       0x33 Drivers\STM32F1xx_HAL_Driver\Src\stm32f1xx_hal_cortex.o
 .ARM.attributes
                0x000000b0       0x33 Drivers\STM32F1xx_HAL_Driver\Src\stm32f1xx_hal_dma.o
 .ARM.attributes
                0x000000e3       0x33 Drivers\STM32F1xx_HAL_Driver\Src\stm32f1xx_hal_gpio.o
 .ARM.attributes
                0x00000116       0x33 Drivers\STM32F1xx_HAL_Driver\Src\stm32f1xx_hal_i2c.o
 .ARM.attributes
                0x00000149       0x33 Drivers\STM32F1xx_HAL_Driver\Src\stm32f1xx_hal_pwr.o
 .ARM.attributes
                0x0000017c       0x33 Drivers\STM32F1xx_HAL_Driver\Src\stm32f1xx_hal_rcc.o
 .ARM.attributes
                0x000001af       0x33 Drivers\STM32F1xx_HAL_Driver\Src\stm32f1xx_hal_rcc_ex.o
 .ARM.attributes
                0x000001e2       0x33 Drivers\STM32F1xx_HAL_Driver\Src\stm32f1xx_hal_rtc.o
 .ARM.attributes
                0x00000215       0x33 Drivers\STM32F1xx_HAL_Driver\Src\stm32f1xx_hal_rtc_ex.o
 .ARM.attributes
                0x00000248       0x33 Drivers\STM32F1xx_HAL_Driver\Src\stm32f1xx_hal_tim.o
 .ARM.attributes
                0x0000027b       0x33 Drivers\STM32F1xx_HAL_Driver\Src\stm32f1xx_hal_tim_ex.o
 .ARM.attributes
                0x000002ae       0x33 Src\MAX30102.o
 .ARM.attributes
                0x000002e1       0x33 Src\algorithm.o
 .ARM.attributes
                0x00000314       0x33 Src\main.o
 .ARM.attributes
                0x00000347       0x33 Src\mode.o
 .ARM.attributes
                0x0000037a       0x33 Src\ssd1306.o
 .ARM.attributes
                0x000003ad       0x33 Src\ssd1306_fonts.o
 .ARM.attributes
                0x000003e0       0x33 Src\stm32f1xx_hal_msp.o
 .ARM.attributes
                0x00000413       0x33 Src\stm32f1xx_it.o
 .ARM.attributes
                0x00000446       0x33 Src\system_stm32f1xx.o
 .ARM.attributes
                0x00000479       0x21 startup\startup_stm32f103xb.o
 .ARM.attributes
                0x0000049a       0x2d c:/program files (x86)/atollic/truestudio for stm32 9.3.0/armtools/bin/../lib/gcc/arm-atollic-eabi/6.3.1/../../../../arm-atollic-eabi/lib/armv7-m\libc.a(lib_a-errno.o)
 .ARM.attributes
                0x000004c7       0x2d c:/program files (x86)/atollic/truestudio for stm32 9.3.0/armtools/bin/../lib/gcc/arm-atollic-eabi/6.3.1/../../../../arm-atollic-eabi/lib/armv7-m\libc.a(lib_a-impure.o)
 .ARM.attributes
                0x000004f4       0x2d c:/program files (x86)/atollic/truestudio for stm32 9.3.0/armtools/bin/../lib/gcc/arm-atollic-eabi/6.3.1/../../../../arm-atollic-eabi/lib/armv7-m\libc.a(lib_a-init.o)
 .ARM.attributes
                0x00000521       0x2d c:/program files (x86)/atollic/truestudio for stm32 9.3.0/armtools/bin/../lib/gcc/arm-atollic-eabi/6.3.1/../../../../arm-atollic-eabi/lib/armv7-m\libc.a(lib_a-itoa.o)
 .ARM.attributes
                0x0000054e       0x2d c:/program files (x86)/atollic/truestudio for stm32 9.3.0/armtools/bin/../lib/gcc/arm-atollic-eabi/6.3.1/../../../../arm-atollic-eabi/lib/armv7-m\libc.a(lib_a-memset.o)
 .ARM.attributes
                0x0000057b       0x2d c:/program files (x86)/atollic/truestudio for stm32 9.3.0/armtools/bin/../lib/gcc/arm-atollic-eabi/6.3.1/../../../../arm-atollic-eabi/lib/armv7-m\libc.a(lib_a-utoa.o)
 .ARM.attributes
                0x000005a8       0x2d c:/program files (x86)/atollic/truestudio for stm32 9.3.0/armtools/bin/../lib/gcc/arm-atollic-eabi/6.3.1/../../../../arm-atollic-eabi/lib/armv7-m\libm.a(lib_a-w_sqrt.o)
 .ARM.attributes
                0x000005d5       0x2d c:/program files (x86)/atollic/truestudio for stm32 9.3.0/armtools/bin/../lib/gcc/arm-atollic-eabi/6.3.1/../../../../arm-atollic-eabi/lib/armv7-m\libm.a(lib_a-e_sqrt.o)
 .ARM.attributes
                0x00000602       0x2d c:/program files (x86)/atollic/truestudio for stm32 9.3.0/armtools/bin/../lib/gcc/arm-atollic-eabi/6.3.1/../../../../arm-atollic-eabi/lib/armv7-m\libm.a(lib_a-s_lib_ver.o)
 .ARM.attributes
                0x0000062f       0x2d c:/program files (x86)/atollic/truestudio for stm32 9.3.0/armtools/bin/../lib/gcc/arm-atollic-eabi/6.3.1/../../../../arm-atollic-eabi/lib/armv7-m\libm.a(lib_a-s_matherr.o)
 .ARM.attributes
                0x0000065c       0x1d c:/program files (x86)/atollic/truestudio for stm32 9.3.0/armtools/bin/../lib/gcc/arm-atollic-eabi/6.3.1/armv7-m\libgcc.a(_arm_addsubdf3.o)
 .ARM.attributes
                0x00000679       0x1d c:/program files (x86)/atollic/truestudio for stm32 9.3.0/armtools/bin/../lib/gcc/arm-atollic-eabi/6.3.1/armv7-m\libgcc.a(_arm_muldivdf3.o)
 .ARM.attributes
                0x00000696       0x1d c:/program files (x86)/atollic/truestudio for stm32 9.3.0/armtools/bin/../lib/gcc/arm-atollic-eabi/6.3.1/armv7-m\libgcc.a(_arm_cmpdf2.o)
 .ARM.attributes
                0x000006b3       0x1d c:/program files (x86)/atollic/truestudio for stm32 9.3.0/armtools/bin/../lib/gcc/arm-atollic-eabi/6.3.1/armv7-m\libgcc.a(_arm_unorddf2.o)
 .ARM.attributes
                0x000006d0       0x1d c:/program files (x86)/atollic/truestudio for stm32 9.3.0/armtools/bin/../lib/gcc/arm-atollic-eabi/6.3.1/armv7-m\libgcc.a(_arm_truncdfsf2.o)
 .ARM.attributes
                0x000006ed       0x1d c:/program files (x86)/atollic/truestudio for stm32 9.3.0/armtools/bin/../lib/gcc/arm-atollic-eabi/6.3.1/armv7-m\libgcc.a(_arm_addsubsf3.o)
 .ARM.attributes
                0x0000070a       0x1d c:/program files (x86)/atollic/truestudio for stm32 9.3.0/armtools/bin/../lib/gcc/arm-atollic-eabi/6.3.1/armv7-m\libgcc.a(_arm_muldivsf3.o)
 .ARM.attributes
                0x00000727       0x1d c:/program files (x86)/atollic/truestudio for stm32 9.3.0/armtools/bin/../lib/gcc/arm-atollic-eabi/6.3.1/armv7-m\libgcc.a(_arm_cmpsf2.o)
 .ARM.attributes
                0x00000744       0x1d c:/program files (x86)/atollic/truestudio for stm32 9.3.0/armtools/bin/../lib/gcc/arm-atollic-eabi/6.3.1/armv7-m\libgcc.a(_arm_fixunssfsi.o)
 .ARM.attributes
                0x00000761       0x1d c:/program files (x86)/atollic/truestudio for stm32 9.3.0/armtools/bin/../lib/gcc/arm-atollic-eabi/6.3.1/armv7-m/crtn.o
OUTPUT(max30102.elf elf32-littlearm)

.debug_info     0x00000000    0x12472
 .debug_info    0x00000000      0x714 Drivers\STM32F1xx_HAL_Driver\Src\stm32f1xx_hal.o
 .debug_info    0x00000714      0xb52 Drivers\STM32F1xx_HAL_Driver\Src\stm32f1xx_hal_cortex.o
 .debug_info    0x00001266      0x7ad Drivers\STM32F1xx_HAL_Driver\Src\stm32f1xx_hal_dma.o
 .debug_info    0x00001a13      0x69b Drivers\STM32F1xx_HAL_Driver\Src\stm32f1xx_hal_gpio.o
 .debug_info    0x000020ae     0x2551 Drivers\STM32F1xx_HAL_Driver\Src\stm32f1xx_hal_i2c.o
 .debug_info    0x000045ff      0x6e2 Drivers\STM32F1xx_HAL_Driver\Src\stm32f1xx_hal_pwr.o
 .debug_info    0x00004ce1      0x80e Drivers\STM32F1xx_HAL_Driver\Src\stm32f1xx_hal_rcc.o
 .debug_info    0x000054ef      0x443 Drivers\STM32F1xx_HAL_Driver\Src\stm32f1xx_hal_rcc_ex.o
 .debug_info    0x00005932      0xd2d Drivers\STM32F1xx_HAL_Driver\Src\stm32f1xx_hal_rtc.o
 .debug_info    0x0000665f      0x761 Drivers\STM32F1xx_HAL_Driver\Src\stm32f1xx_hal_rtc_ex.o
 .debug_info    0x00006dc0     0x27e8 Drivers\STM32F1xx_HAL_Driver\Src\stm32f1xx_hal_tim.o
 .debug_info    0x000095a8     0x1369 Drivers\STM32F1xx_HAL_Driver\Src\stm32f1xx_hal_tim_ex.o
 .debug_info    0x0000a911      0x703 Src\MAX30102.o
 .debug_info    0x0000b014      0xf69 Src\algorithm.o
 .debug_info    0x0000bf7d     0x141a Src\main.o
 .debug_info    0x0000d397     0x1654 Src\mode.o
 .debug_info    0x0000e9eb     0x19d5 Src\ssd1306.o
 .debug_info    0x000103c0      0x1e0 Src\ssd1306_fonts.o
 .debug_info    0x000105a0      0xfcb Src\stm32f1xx_hal_msp.o
 .debug_info    0x0001156b      0xbf0 Src\stm32f1xx_it.o
 .debug_info    0x0001215b      0x29b Src\system_stm32f1xx.o
 .debug_info    0x000123f6       0x7c startup\startup_stm32f103xb.o

.debug_abbrev   0x00000000     0x29d2
 .debug_abbrev  0x00000000      0x1c2 Drivers\STM32F1xx_HAL_Driver\Src\stm32f1xx_hal.o
 .debug_abbrev  0x000001c2      0x2d0 Drivers\STM32F1xx_HAL_Driver\Src\stm32f1xx_hal_cortex.o
 .debug_abbrev  0x00000492      0x1f9 Drivers\STM32F1xx_HAL_Driver\Src\stm32f1xx_hal_dma.o
 .debug_abbrev  0x0000068b      0x1bb Drivers\STM32F1xx_HAL_Driver\Src\stm32f1xx_hal_gpio.o
 .debug_abbrev  0x00000846      0x253 Drivers\STM32F1xx_HAL_Driver\Src\stm32f1xx_hal_i2c.o
 .debug_abbrev  0x00000a99      0x1ed Drivers\STM32F1xx_HAL_Driver\Src\stm32f1xx_hal_pwr.o
 .debug_abbrev  0x00000c86      0x23e Drivers\STM32F1xx_HAL_Driver\Src\stm32f1xx_hal_rcc.o
 .debug_abbrev  0x00000ec4      0x170 Drivers\STM32F1xx_HAL_Driver\Src\stm32f1xx_hal_rcc_ex.o
 .debug_abbrev  0x00001034      0x205 Drivers\STM32F1xx_HAL_Driver\Src\stm32f1xx_hal_rtc.o
 .debug_abbrev  0x00001239      0x218 Drivers\STM32F1xx_HAL_Driver\Src\stm32f1xx_hal_rtc_ex.o
 .debug_abbrev  0x00001451      0x229 Drivers\STM32F1xx_HAL_Driver\Src\stm32f1xx_hal_tim.o
 .debug_abbrev  0x0000167a      0x22f Drivers\STM32F1xx_HAL_Driver\Src\stm32f1xx_hal_tim_ex.o
 .debug_abbrev  0x000018a9      0x17c Src\MAX30102.o
 .debug_abbrev  0x00001a25      0x26c Src\algorithm.o
 .debug_abbrev  0x00001c91      0x280 Src\main.o
 .debug_abbrev  0x00001f11      0x230 Src\mode.o
 .debug_abbrev  0x00002141      0x361 Src\ssd1306.o
 .debug_abbrev  0x000024a2       0xad Src\ssd1306_fonts.o
 .debug_abbrev  0x0000254f      0x1d7 Src\stm32f1xx_hal_msp.o
 .debug_abbrev  0x00002726      0x16b Src\stm32f1xx_it.o
 .debug_abbrev  0x00002891      0x12f Src\system_stm32f1xx.o
 .debug_abbrev  0x000029c0       0x12 startup\startup_stm32f103xb.o

.debug_aranges  0x00000000     0x10b8
 .debug_aranges
                0x00000000       0xe0 Drivers\STM32F1xx_HAL_Driver\Src\stm32f1xx_hal.o
 .debug_aranges
                0x000000e0      0x100 Drivers\STM32F1xx_HAL_Driver\Src\stm32f1xx_hal_cortex.o
 .debug_aranges
                0x000001e0       0x80 Drivers\STM32F1xx_HAL_Driver\Src\stm32f1xx_hal_dma.o
 .debug_aranges
                0x00000260       0x58 Drivers\STM32F1xx_HAL_Driver\Src\stm32f1xx_hal_gpio.o
 .debug_aranges
                0x000002b8      0x2a0 Drivers\STM32F1xx_HAL_Driver\Src\stm32f1xx_hal_i2c.o
 .debug_aranges
                0x00000558       0xa8 Drivers\STM32F1xx_HAL_Driver\Src\stm32f1xx_hal_pwr.o
 .debug_aranges
                0x00000600       0x90 Drivers\STM32F1xx_HAL_Driver\Src\stm32f1xx_hal_rcc.o
 .debug_aranges
                0x00000690       0x30 Drivers\STM32F1xx_HAL_Driver\Src\stm32f1xx_hal_rcc_ex.o
 .debug_aranges
                0x000006c0       0xf8 Drivers\STM32F1xx_HAL_Driver\Src\stm32f1xx_hal_rtc.o
 .debug_aranges
                0x000007b8       0x88 Drivers\STM32F1xx_HAL_Driver\Src\stm32f1xx_hal_rtc_ex.o
 .debug_aranges
                0x00000840      0x3d0 Drivers\STM32F1xx_HAL_Driver\Src\stm32f1xx_hal_tim.o
 .debug_aranges
                0x00000c10      0x168 Drivers\STM32F1xx_HAL_Driver\Src\stm32f1xx_hal_tim_ex.o
 .debug_aranges
                0x00000d78       0x38 Src\MAX30102.o
 .debug_aranges
                0x00000db0       0x50 Src\algorithm.o
 .debug_aranges
                0x00000e00       0x68 Src\main.o
 .debug_aranges
                0x00000e68       0x30 Src\mode.o
 .debug_aranges
                0x00000e98       0xd0 Src\ssd1306.o
 .debug_aranges
                0x00000f68       0x18 Src\ssd1306_fonts.o
 .debug_aranges
                0x00000f80       0x50 Src\stm32f1xx_hal_msp.o
 .debug_aranges
                0x00000fd0       0x98 Src\stm32f1xx_it.o
 .debug_aranges
                0x00001068       0x28 Src\system_stm32f1xx.o
 .debug_aranges
                0x00001090       0x28 startup\startup_stm32f103xb.o

.debug_ranges   0x00000000      0xf80
 .debug_ranges  0x00000000       0xd0 Drivers\STM32F1xx_HAL_Driver\Src\stm32f1xx_hal.o
 .debug_ranges  0x000000d0       0xf0 Drivers\STM32F1xx_HAL_Driver\Src\stm32f1xx_hal_cortex.o
 .debug_ranges  0x000001c0       0x70 Drivers\STM32F1xx_HAL_Driver\Src\stm32f1xx_hal_dma.o
 .debug_ranges  0x00000230       0x48 Drivers\STM32F1xx_HAL_Driver\Src\stm32f1xx_hal_gpio.o
 .debug_ranges  0x00000278      0x2b8 Drivers\STM32F1xx_HAL_Driver\Src\stm32f1xx_hal_i2c.o
 .debug_ranges  0x00000530       0x98 Drivers\STM32F1xx_HAL_Driver\Src\stm32f1xx_hal_pwr.o
 .debug_ranges  0x000005c8       0x80 Drivers\STM32F1xx_HAL_Driver\Src\stm32f1xx_hal_rcc.o
 .debug_ranges  0x00000648       0x20 Drivers\STM32F1xx_HAL_Driver\Src\stm32f1xx_hal_rcc_ex.o
 .debug_ranges  0x00000668       0xe8 Drivers\STM32F1xx_HAL_Driver\Src\stm32f1xx_hal_rtc.o
 .debug_ranges  0x00000750       0x78 Drivers\STM32F1xx_HAL_Driver\Src\stm32f1xx_hal_rtc_ex.o
 .debug_ranges  0x000007c8      0x3c0 Drivers\STM32F1xx_HAL_Driver\Src\stm32f1xx_hal_tim.o
 .debug_ranges  0x00000b88      0x158 Drivers\STM32F1xx_HAL_Driver\Src\stm32f1xx_hal_tim_ex.o
 .debug_ranges  0x00000ce0       0x28 Src\MAX30102.o
 .debug_ranges  0x00000d08       0x40 Src\algorithm.o
 .debug_ranges  0x00000d48       0x58 Src\main.o
 .debug_ranges  0x00000da0       0x20 Src\mode.o
 .debug_ranges  0x00000dc0       0xc0 Src\ssd1306.o
 .debug_ranges  0x00000e80       0x40 Src\stm32f1xx_hal_msp.o
 .debug_ranges  0x00000ec0       0x88 Src\stm32f1xx_it.o
 .debug_ranges  0x00000f48       0x18 Src\system_stm32f1xx.o
 .debug_ranges  0x00000f60       0x20 startup\startup_stm32f103xb.o

.debug_line     0x00000000     0x8ce5
 .debug_line    0x00000000      0x3e6 Drivers\STM32F1xx_HAL_Driver\Src\stm32f1xx_hal.o
 .debug_line    0x000003e6      0x4b6 Drivers\STM32F1xx_HAL_Driver\Src\stm32f1xx_hal_cortex.o
 .debug_line    0x0000089c      0x671 Drivers\STM32F1xx_HAL_Driver\Src\stm32f1xx_hal_dma.o
 .debug_line    0x00000f0d      0x3fa Drivers\STM32F1xx_HAL_Driver\Src\stm32f1xx_hal_gpio.o
 .debug_line    0x00001307     0x17d8 Drivers\STM32F1xx_HAL_Driver\Src\stm32f1xx_hal_i2c.o
 .debug_line    0x00002adf      0x3a7 Drivers\STM32F1xx_HAL_Driver\Src\stm32f1xx_hal_pwr.o
 .debug_line    0x00002e86      0x4fe Drivers\STM32F1xx_HAL_Driver\Src\stm32f1xx_hal_rcc.o
 .debug_line    0x00003384      0x2ed Drivers\STM32F1xx_HAL_Driver\Src\stm32f1xx_hal_rcc_ex.o
 .debug_line    0x00003671      0x6b7 Drivers\STM32F1xx_HAL_Driver\Src\stm32f1xx_hal_rtc.o
 .debug_line    0x00003d28      0x465 Drivers\STM32F1xx_HAL_Driver\Src\stm32f1xx_hal_rtc_ex.o
 .debug_line    0x0000418d     0x1b7c Drivers\STM32F1xx_HAL_Driver\Src\stm32f1xx_hal_tim.o
 .debug_line    0x00005d09      0xea4 Drivers\STM32F1xx_HAL_Driver\Src\stm32f1xx_hal_tim_ex.o
 .debug_line    0x00006bad      0x272 Src\MAX30102.o
 .debug_line    0x00006e1f      0x4c4 Src\algorithm.o
 .debug_line    0x000072e3      0x449 Src\main.o
 .debug_line    0x0000772c      0x4cd Src\mode.o
 .debug_line    0x00007bf9      0x68d Src\ssd1306.o
 .debug_line    0x00008286      0x136 Src\ssd1306_fonts.o
 .debug_line    0x000083bc      0x31a Src\stm32f1xx_hal_msp.o
 .debug_line    0x000086d6      0x36c Src\stm32f1xx_it.o
 .debug_line    0x00008a42      0x226 Src\system_stm32f1xx.o
 .debug_line    0x00008c68       0x7d startup\startup_stm32f103xb.o

.debug_str      0x00000000     0x4ee6
 .debug_str     0x00000000      0x7cd Drivers\STM32F1xx_HAL_Driver\Src\stm32f1xx_hal.o
                                0x831 (size before relaxing)
 .debug_str     0x000007cd      0x40a Drivers\STM32F1xx_HAL_Driver\Src\stm32f1xx_hal_cortex.o
                                0x992 (size before relaxing)
 .debug_str     0x00000bd7      0x3e1 Drivers\STM32F1xx_HAL_Driver\Src\stm32f1xx_hal_dma.o
                                0x6d4 (size before relaxing)
 .debug_str     0x00000fb8      0x1c4 Drivers\STM32F1xx_HAL_Driver\Src\stm32f1xx_hal_gpio.o
                                0x4e3 (size before relaxing)
 .debug_str     0x0000117c      0xb57 Drivers\STM32F1xx_HAL_Driver\Src\stm32f1xx_hal_i2c.o
                               0x1025 (size before relaxing)
 .debug_str     0x00001cd3      0x238 Drivers\STM32F1xx_HAL_Driver\Src\stm32f1xx_hal_pwr.o
                                0x56c (size before relaxing)
 .debug_str     0x00001f0b      0x304 Drivers\STM32F1xx_HAL_Driver\Src\stm32f1xx_hal_rcc.o
                                0x69e (size before relaxing)
 .debug_str     0x0000220f      0x12b Drivers\STM32F1xx_HAL_Driver\Src\stm32f1xx_hal_rcc_ex.o
                                0x483 (size before relaxing)
 .debug_str     0x0000233a      0x44a Drivers\STM32F1xx_HAL_Driver\Src\stm32f1xx_hal_rtc.o
                                0x7b9 (size before relaxing)
 .debug_str     0x00002784      0x221 Drivers\STM32F1xx_HAL_Driver\Src\stm32f1xx_hal_rtc_ex.o
                                0x666 (size before relaxing)
 .debug_str     0x000029a5     0x1164 Drivers\STM32F1xx_HAL_Driver\Src\stm32f1xx_hal_tim.o
                               0x16c8 (size before relaxing)
 .debug_str     0x00003b09      0x5ee Drivers\STM32F1xx_HAL_Driver\Src\stm32f1xx_hal_tim_ex.o
                                0xea2 (size before relaxing)
 .debug_str     0x000040f7       0xa3 Src\MAX30102.o
                                0x778 (size before relaxing)
 .debug_str     0x0000419a      0x6d2 Src\algorithm.o
                                0x9af (size before relaxing)
 .debug_str     0x0000486c      0x14f Src\main.o
                               0x1289 (size before relaxing)
 .debug_str     0x000049bb       0x39 Src\mode.o
                               0x10dc (size before relaxing)
 .debug_str     0x000049f4      0x321 Src\ssd1306.o
                               0x11ec (size before relaxing)
 .debug_str     0x00004d15       0x3c Src\ssd1306_fonts.o
                                0x211 (size before relaxing)
 .debug_str     0x00004d51       0x25 Src\stm32f1xx_hal_msp.o
                                0xf07 (size before relaxing)
 .debug_str     0x00004d76      0x123 Src\stm32f1xx_it.o
                                0xbf5 (size before relaxing)
 .debug_str     0x00004e99       0x4d Src\system_stm32f1xx.o
                                0x2f4 (size before relaxing)

.comment        0x00000000       0x7c
 .comment       0x00000000       0x7c Drivers\STM32F1xx_HAL_Driver\Src\stm32f1xx_hal.o
                                 0x7d (size before relaxing)
 .comment       0x0000007c       0x7d Drivers\STM32F1xx_HAL_Driver\Src\stm32f1xx_hal_cortex.o
 .comment       0x0000007c       0x7d Drivers\STM32F1xx_HAL_Driver\Src\stm32f1xx_hal_dma.o
 .comment       0x0000007c       0x7d Drivers\STM32F1xx_HAL_Driver\Src\stm32f1xx_hal_gpio.o
 .comment       0x0000007c       0x7d Drivers\STM32F1xx_HAL_Driver\Src\stm32f1xx_hal_i2c.o
 .comment       0x0000007c       0x7d Drivers\STM32F1xx_HAL_Driver\Src\stm32f1xx_hal_pwr.o
 .comment       0x0000007c       0x7d Drivers\STM32F1xx_HAL_Driver\Src\stm32f1xx_hal_rcc.o
 .comment       0x0000007c       0x7d Drivers\STM32F1xx_HAL_Driver\Src\stm32f1xx_hal_rcc_ex.o
 .comment       0x0000007c       0x7d Drivers\STM32F1xx_HAL_Driver\Src\stm32f1xx_hal_rtc.o
 .comment       0x0000007c       0x7d Drivers\STM32F1xx_HAL_Driver\Src\stm32f1xx_hal_rtc_ex.o
 .comment       0x0000007c       0x7d Drivers\STM32F1xx_HAL_Driver\Src\stm32f1xx_hal_tim.o
 .comment       0x0000007c       0x7d Drivers\STM32F1xx_HAL_Driver\Src\stm32f1xx_hal_tim_ex.o
 .comment       0x0000007c       0x7d Src\MAX30102.o
 .comment       0x0000007c       0x7d Src\algorithm.o
 .comment       0x0000007c       0x7d Src\main.o
 .comment       0x0000007c       0x7d Src\mode.o
 .comment       0x0000007c       0x7d Src\ssd1306.o
 .comment       0x0000007c       0x7d Src\ssd1306_fonts.o
 .comment       0x0000007c       0x7d Src\stm32f1xx_hal_msp.o
 .comment       0x0000007c       0x7d Src\stm32f1xx_it.o
 .comment       0x0000007c       0x7d Src\system_stm32f1xx.o

.debug_frame    0x00000000     0x4994
 .debug_frame   0x00000000      0x334 Drivers\STM32F1xx_HAL_Driver\Src\stm32f1xx_hal.o
 .debug_frame   0x00000334      0x428 Drivers\STM32F1xx_HAL_Driver\Src\stm32f1xx_hal_cortex.o
 .debug_frame   0x0000075c      0x208 Drivers\STM32F1xx_HAL_Driver\Src\stm32f1xx_hal_dma.o
 .debug_frame   0x00000964      0x14c Drivers\STM32F1xx_HAL_Driver\Src\stm32f1xx_hal_gpio.o
 .debug_frame   0x00000ab0      0xc54 Drivers\STM32F1xx_HAL_Driver\Src\stm32f1xx_hal_i2c.o
 .debug_frame   0x00001704      0x270 Drivers\STM32F1xx_HAL_Driver\Src\stm32f1xx_hal_pwr.o
 .debug_frame   0x00001974      0x21c Drivers\STM32F1xx_HAL_Driver\Src\stm32f1xx_hal_rcc.o
 .debug_frame   0x00001b90       0x84 Drivers\STM32F1xx_HAL_Driver\Src\stm32f1xx_hal_rcc_ex.o
 .debug_frame   0x00001c14      0x434 Drivers\STM32F1xx_HAL_Driver\Src\stm32f1xx_hal_rtc.o
 .debug_frame   0x00002048      0x234 Drivers\STM32F1xx_HAL_Driver\Src\stm32f1xx_hal_rtc_ex.o
 .debug_frame   0x0000227c     0x11b8 Drivers\STM32F1xx_HAL_Driver\Src\stm32f1xx_hal_tim.o
 .debug_frame   0x00003434      0x638 Drivers\STM32F1xx_HAL_Driver\Src\stm32f1xx_hal_tim_ex.o
 .debug_frame   0x00003a6c       0x9c Src\MAX30102.o
 .debug_frame   0x00003b08      0x124 Src\algorithm.o
 .debug_frame   0x00003c2c      0x15c Src\main.o
 .debug_frame   0x00003d88       0x7c Src\mode.o
 .debug_frame   0x00003e04      0x370 Src\ssd1306.o
 .debug_frame   0x00004174      0x110 Src\stm32f1xx_hal_msp.o
 .debug_frame   0x00004284      0x1c8 Src\stm32f1xx_it.o
 .debug_frame   0x0000444c       0x58 Src\system_stm32f1xx.o
 .debug_frame   0x000044a4       0x20 c:/program files (x86)/atollic/truestudio for stm32 9.3.0/armtools/bin/../lib/gcc/arm-atollic-eabi/6.3.1/../../../../arm-atollic-eabi/lib/armv7-m\libc.a(lib_a-errno.o)
 .debug_frame   0x000044c4       0x2c c:/program files (x86)/atollic/truestudio for stm32 9.3.0/armtools/bin/../lib/gcc/arm-atollic-eabi/6.3.1/../../../../arm-atollic-eabi/lib/armv7-m\libc.a(lib_a-init.o)
 .debug_frame   0x000044f0       0x38 c:/program files (x86)/atollic/truestudio for stm32 9.3.0/armtools/bin/../lib/gcc/arm-atollic-eabi/6.3.1/../../../../arm-atollic-eabi/lib/armv7-m\libc.a(lib_a-itoa.o)
 .debug_frame   0x00004528       0x20 c:/program files (x86)/atollic/truestudio for stm32 9.3.0/armtools/bin/../lib/gcc/arm-atollic-eabi/6.3.1/../../../../arm-atollic-eabi/lib/armv7-m\libc.a(lib_a-memset.o)
 .debug_frame   0x00004548       0x48 c:/program files (x86)/atollic/truestudio for stm32 9.3.0/armtools/bin/../lib/gcc/arm-atollic-eabi/6.3.1/../../../../arm-atollic-eabi/lib/armv7-m\libc.a(lib_a-utoa.o)
 .debug_frame   0x00004590       0x40 c:/program files (x86)/atollic/truestudio for stm32 9.3.0/armtools/bin/../lib/gcc/arm-atollic-eabi/6.3.1/../../../../arm-atollic-eabi/lib/armv7-m\libm.a(lib_a-w_sqrt.o)
 .debug_frame   0x000045d0       0x30 c:/program files (x86)/atollic/truestudio for stm32 9.3.0/armtools/bin/../lib/gcc/arm-atollic-eabi/6.3.1/../../../../arm-atollic-eabi/lib/armv7-m\libm.a(lib_a-e_sqrt.o)
 .debug_frame   0x00004600       0x20 c:/program files (x86)/atollic/truestudio for stm32 9.3.0/armtools/bin/../lib/gcc/arm-atollic-eabi/6.3.1/../../../../arm-atollic-eabi/lib/armv7-m\libm.a(lib_a-s_matherr.o)
 .debug_frame   0x00004620       0xac c:/program files (x86)/atollic/truestudio for stm32 9.3.0/armtools/bin/../lib/gcc/arm-atollic-eabi/6.3.1/armv7-m\libgcc.a(_arm_addsubdf3.o)
 .debug_frame   0x000046cc       0x50 c:/program files (x86)/atollic/truestudio for stm32 9.3.0/armtools/bin/../lib/gcc/arm-atollic-eabi/6.3.1/armv7-m\libgcc.a(_arm_muldivdf3.o)
 .debug_frame   0x0000471c       0xc4 c:/program files (x86)/atollic/truestudio for stm32 9.3.0/armtools/bin/../lib/gcc/arm-atollic-eabi/6.3.1/armv7-m\libgcc.a(_arm_cmpdf2.o)
 .debug_frame   0x000047e0       0x20 c:/program files (x86)/atollic/truestudio for stm32 9.3.0/armtools/bin/../lib/gcc/arm-atollic-eabi/6.3.1/armv7-m\libgcc.a(_arm_unorddf2.o)
 .debug_frame   0x00004800       0x24 c:/program files (x86)/atollic/truestudio for stm32 9.3.0/armtools/bin/../lib/gcc/arm-atollic-eabi/6.3.1/armv7-m\libgcc.a(_arm_truncdfsf2.o)
 .debug_frame   0x00004824       0x4c c:/program files (x86)/atollic/truestudio for stm32 9.3.0/armtools/bin/../lib/gcc/arm-atollic-eabi/6.3.1/armv7-m\libgcc.a(_arm_addsubsf3.o)
 .debug_frame   0x00004870       0x38 c:/program files (x86)/atollic/truestudio for stm32 9.3.0/armtools/bin/../lib/gcc/arm-atollic-eabi/6.3.1/armv7-m\libgcc.a(_arm_muldivsf3.o)
 .debug_frame   0x000048a8       0xc8 c:/program files (x86)/atollic/truestudio for stm32 9.3.0/armtools/bin/../lib/gcc/arm-atollic-eabi/6.3.1/armv7-m\libgcc.a(_arm_cmpsf2.o)
 .debug_frame   0x00004970       0x24 c:/program files (x86)/atollic/truestudio for stm32 9.3.0/armtools/bin/../lib/gcc/arm-atollic-eabi/6.3.1/armv7-m\libgcc.a(_arm_fixunssfsi.o)
