ssd1306.c:8:6:delay_ms_ssd	24	static
ssd1306.c:19:6:ssd1306_Reset	4	static
ssd1306.c:24:6:ssd1306_WriteCommand	32	static
ssd1306.c:29:6:ssd1306_WriteData	32	static
ssd1306.c:43:17:ssd1306_FillBuffer	24	static
ssd1306.c:53:6:ssd1306_Init	8	static
ssd1306.c:155:6:ssd1306_Fill	24	static
ssd1306.c:165:6:ssd1306_UpdateScreen	16	static
ssd1306.c:184:6:ssd1306_DrawPixel	16	static
ssd1306.c:205:6:ssd1306_WriteChar	48	static
ssd1306.c:240:6:ssd1306_WriteString	24	static
ssd1306.c:257:6:ssd1306_SetCursor	16	static
ssd1306.c:263:6:ssd1306_Line	48	static
ssd1306.c:303:6:ssd1306_Polyline	40	static
ssd1306.c:317:14:ssd1306_DegToRad	24	static
ssd1306.c:321:17:ssd1306_NormalizeTo0_360	24	static
ssd1306.c:338:6:ssd1306_DrawArc	56	static
ssd1306.c:375:6:ssd1306_DrawCircle	40	static
ssd1306.c:420:6:ssd1306_DrawRectangle	32	static
ssd1306.c:429:6:ssd1306_SetContrast	24	static
ssd1306.c:435:6:ssd1306_SetDisplayOn	24	static
ssd1306.c:447:9:ssd1306_GetDisplayOn	4	static
ssd1306.c:451:6:ssd1306_WriteNum	72	static
