stm32f1xx_it.c:72:6:NMI_Handler	4	static
stm32f1xx_it.c:87:6:HardFault_Handler	4	static
stm32f1xx_it.c:102:6:MemManage_Handler	4	static
stm32f1xx_it.c:117:6:BusFault_Handler	4	static
stm32f1xx_it.c:132:6:UsageFault_Handler	4	static
stm32f1xx_it.c:147:6:SVC_Handler	4	static
stm32f1xx_it.c:160:6:DebugMon_Handler	4	static
stm32f1xx_it.c:173:6:PendSV_Handler	4	static
stm32f1xx_it.c:186:6:SysTick_Handler	8	static
stm32f1xx_it.c:207:6:RTC_IRQHandler	8	static
stm32f1xx_it.c:221:6:EXTI0_IRQHandler	8	static
stm32f1xx_it.c:235:6:EXTI1_IRQHandler	8	static
stm32f1xx_it.c:249:6:EXTI3_IRQHandler	8	static
stm32f1xx_it.c:263:6:TIM1_UP_IRQHandler	8	static
stm32f1xx_it.c:277:6:I2C2_EV_IRQHandler	8	static
stm32f1xx_it.c:291:6:EXTI15_10_IRQHandler	8	static
